#
# There is insufficient memory for the Java Runtime Environment to continue.
# Native memory allocation (malloc) failed to allocate 1048576 bytes. Error detail: AllocateHeap
# Possible reasons:
#   The system is out of physical RAM or swap space
#   This process is running with CompressedOops enabled, and the Java Heap may be blocking the growth of the native heap
# Possible solutions:
#   Reduce memory load on the system
#   Increase physical memory or swap space
#   Check if swap backing store is full
#   Decrease Java heap size (-Xmx/-Xms)
#   Decrease number of Java threads
#   Decrease Java thread stack sizes (-Xss)
#   Set larger code cache with -XX:ReservedCodeCacheSize=
#   JVM is running with Unscaled Compressed Oops mode in which the Java heap is
#     placed in the first 4GB address space. The Java Heap base address is the
#     maximum limit for the native heap growth. Please use -XX:HeapBaseMinAddress
#     to set the Java Heap base and to place the Java Heap above 4GB virtual address.
# This output file may be truncated or incomplete.
#
#  Out of Memory Error (allocation.cpp:44), pid=13760, tid=32640
#
# JRE version: OpenJDK Runtime Environment Temurin-21.0.11+10 (21.0.11+10) (build 21.0.11+10-LTS)
# Java VM: OpenJDK 64-Bit Server VM Temurin-21.0.11+10 (21.0.11+10-LTS, mixed mode, sharing, tiered, compressed oops, compressed class ptrs, parallel gc, windows-amd64)
# No core dump will be written. Minidumps are not enabled by default on client versions of Windows
#

---------------  S U M M A R Y ------------

Command Line: --add-modules=ALL-SYSTEM --add-opens=java.base/java.util=ALL-UNNAMED --add-opens=java.base/java.lang=ALL-UNNAMED --add-opens=java.base/sun.nio.fs=ALL-UNNAMED -Declipse.application=org.eclipse.jdt.ls.core.id1 -Dosgi.bundles.defaultStartLevel=4 -Declipse.product=org.eclipse.jdt.ls.core.product -Djava.import.generatesMetadataFilesAtProjectRoot=false -DDetectVMInstallationsJob.disabled=true -Dfile.encoding=utf8 -XX:+UseParallelGC -XX:GCTimeRatio=4 -XX:AdaptiveSizePolicyWeight=90 -Dsun.zip.disableMemoryMapping=true -Xmx2G -Xms100m -Xlog:disable -javaagent:c:\Users\mahes\.vscode\extensions\redhat.java-1.55.0-win32-x64\lombok\lombok-1.18.39-4050.jar -XX:+HeapDumpOnOutOfMemoryError -XX:HeapDumpPath=c:\Users\mahes\AppData\Roaming\Code\User\workspaceStorage\605bd8893ffb09657cd3a8513b094bb5\redhat.java -Daether.dependencyCollector.impl=bf c:\Users\mahes\.vscode\extensions\redhat.java-1.55.0-win32-x64\server\plugins\org.eclipse.equinox.launcher_1.7.200.v20260619-2039.jar -configuration c:\Users\mahes\AppData\Roaming\Code\User\globalStorage\redhat.java\1.55.0\config_win -data c:\Users\mahes\AppData\Roaming\Code\User\workspaceStorage\605bd8893ffb09657cd3a8513b094bb5\redhat.java\jdt_ws --pipe=\\.\pipe\lsp-e657bb769bc67fe7ac530e6cbbfb7279-sock

Host: 13th Gen Intel(R) Core(TM) i5-1340P, 16 cores, 15G,  Windows 11 , 64 bit Build 26100 (10.0.26100.8521)
Time: Fri Jul 17 10:51:27 2026 India Standard Time elapsed time: 158637.348334 seconds (1d 20h 3m 57s)

---------------  T H R E A D  ---------------

Current thread (0x0000021b88147700):  JavaThread "Attach Listener" daemon [_thread_in_vm, id=32640, stack(0x0000006452f00000,0x0000006453000000) (1024K)]

Stack: [0x0000006452f00000,0x0000006453000000]
Native frames: (J=compiled Java code, j=interpreted, Vv=VM code, C=native code)
V  [jvm.dll+0x6d7e19]
V  [jvm.dll+0x8b5096]
V  [jvm.dll+0x8b764e]
V  [jvm.dll+0x8b7d33]
V  [jvm.dll+0x284596]
V  [jvm.dll+0xc13c7]
V  [jvm.dll+0x6d86c9]
V  [jvm.dll+0x133616]
V  [jvm.dll+0x3f868e]
V  [jvm.dll+0x85fb0d]
V  [jvm.dll+0x6d664d]
C  [ucrtbase.dll+0x2cd30]
C  [KERNEL32.DLL+0x2e957]
C  [ntdll.dll+0x87c1c]


---------------  P R O C E S S  ---------------

Threads class SMR info:
_java_thread_list=0x0000021be79ebbc0, length=42, elements={
0x0000021b8809baf0, 0x0000021b88144400, 0x0000021b8804d6c0, 0x0000021b88146ae0,
0x0000021b88147700, 0x0000021b8814b060, 0x0000021b88150b60, 0x0000021be0e56160,
0x0000021be0e6be50, 0x0000021b8814ea90, 0x0000021b881504d0, 0x0000021b8814dd70,
0x0000021b881511f0, 0x0000021b8814f7b0, 0x0000021b8814e400, 0x0000021b8814f120,
0x0000021b8814fe40, 0x0000021be10b43e0, 0x0000021be10b3030, 0x0000021be10b2310,
0x0000021be10b6b40, 0x0000021be10b71d0, 0x0000021be10b3d50, 0x0000021be10b7860,
0x0000021be10b7ef0, 0x0000021be10b8580, 0x0000021be10b8c10, 0x0000021be10b92a0,
0x0000021bea24cbd0, 0x0000021bea24beb0, 0x0000021bea24d260, 0x0000021bea24d8f0,
0x0000021bea24b190, 0x0000021bea24ab00, 0x0000021bea24e610, 0x0000021bea24df80,
0x0000021bea24c540, 0x0000021bea24eca0, 0x0000021bea24b820, 0x0000021bea24f9c0,
0x0000021bf54dcf20, 0x0000021bf54de2d0
}

Java Threads: ( => current thread )
  0x0000021b8809baf0 JavaThread "main"                              [_thread_blocked, id=26692, stack(0x0000006452800000,0x0000006452900000) (1024K)]
  0x0000021b88144400 JavaThread "Reference Handler"          daemon [_thread_blocked, id=42272, stack(0x0000006452c00000,0x0000006452d00000) (1024K)]
  0x0000021b8804d6c0 JavaThread "Finalizer"                  daemon [_thread_blocked, id=27832, stack(0x0000006452d00000,0x0000006452e00000) (1024K)]
  0x0000021b88146ae0 JavaThread "Signal Dispatcher"          daemon [_thread_blocked, id=40092, stack(0x0000006452e00000,0x0000006452f00000) (1024K)]
=>0x0000021b88147700 JavaThread "Attach Listener"            daemon [_thread_in_vm, id=32640, stack(0x0000006452f00000,0x0000006453000000) (1024K)]
  0x0000021b8814b060 JavaThread "Service Thread"             daemon [_thread_blocked, id=3884, stack(0x0000006453000000,0x0000006453100000) (1024K)]
  0x0000021b88150b60 JavaThread "Monitor Deflation Thread"   daemon [_thread_blocked, id=41184, stack(0x0000006453100000,0x0000006453200000) (1024K)]
  0x0000021be0e56160 JavaThread "C2 CompilerThread0"         daemon [_thread_blocked, id=33796, stack(0x0000006453200000,0x0000006453300000) (1024K)]
  0x0000021be0e6be50 JavaThread "C1 CompilerThread0"         daemon [_thread_blocked, id=23808, stack(0x0000006453300000,0x0000006453400000) (1024K)]
  0x0000021b8814ea90 JavaThread "Common-Cleaner"             daemon [_thread_blocked, id=43132, stack(0x0000006453500000,0x0000006453600000) (1024K)]
  0x0000021b881504d0 JavaThread "Notification Thread"        daemon [_thread_blocked, id=38836, stack(0x0000006453900000,0x0000006453a00000) (1024K)]
  0x0000021b8814dd70 JavaThread "Active Thread: Equinox Container: 7736891e-c09d-4e29-a767-a6ffb44f2599"        [_thread_blocked, id=11328, stack(0x0000006454200000,0x0000006454300000) (1024K)]
  0x0000021b881511f0 JavaThread "Refresh Thread: Equinox Container: 7736891e-c09d-4e29-a767-a6ffb44f2599" daemon [_thread_blocked, id=33380, stack(0x0000006454400000,0x0000006454500000) (1024K)]
  0x0000021b8814f7b0 JavaThread "Framework Event Dispatcher: Equinox Container: 7736891e-c09d-4e29-a767-a6ffb44f2599" daemon [_thread_blocked, id=15208, stack(0x0000006454500000,0x0000006454600000) (1024K)]
  0x0000021b8814e400 JavaThread "Start Level: Equinox Container: 7736891e-c09d-4e29-a767-a6ffb44f2599" daemon [_thread_blocked, id=43624, stack(0x0000006454600000,0x0000006454700000) (1024K)]
  0x0000021b8814f120 JavaThread "Bundle File Closer"         daemon [_thread_blocked, id=29312, stack(0x0000006454900000,0x0000006454a00000) (1024K)]
  0x0000021b8814fe40 JavaThread "SCR Component Actor"        daemon [_thread_blocked, id=29520, stack(0x0000006453800000,0x0000006453900000) (1024K)]
  0x0000021be10b43e0 JavaThread "Worker-JM"                         [_thread_blocked, id=39464, stack(0x0000006454a00000,0x0000006454b00000) (1024K)]
  0x0000021be10b3030 JavaThread "JNA Cleaner"                daemon [_thread_blocked, id=41332, stack(0x0000006453700000,0x0000006453800000) (1024K)]
  0x0000021be10b2310 JavaThread "Java indexing"              daemon [_thread_blocked, id=12408, stack(0x0000006455100000,0x0000006455200000) (1024K)]
  0x0000021be10b6b40 JavaThread "Thread-1"                   daemon [_thread_in_native, id=20892, stack(0x0000006455900000,0x0000006455a00000) (1024K)]
  0x0000021be10b71d0 JavaThread "Thread-2"                   daemon [_thread_in_native, id=37516, stack(0x0000006455a00000,0x0000006455b00000) (1024K)]
  0x0000021be10b3d50 JavaThread "Thread-3"                   daemon [_thread_in_native, id=32048, stack(0x0000006455b00000,0x0000006455c00000) (1024K)]
  0x0000021be10b7860 JavaThread "Thread-4"                   daemon [_thread_in_native, id=30292, stack(0x0000006455c00000,0x0000006455d00000) (1024K)]
  0x0000021be10b7ef0 JavaThread "Thread-5"                   daemon [_thread_in_native, id=42792, stack(0x0000006455d00000,0x0000006455e00000) (1024K)]
  0x0000021be10b8580 JavaThread "Thread-6"                   daemon [_thread_in_native, id=32112, stack(0x0000006455e00000,0x0000006455f00000) (1024K)]
  0x0000021be10b8c10 JavaThread "Thread-7"                   daemon [_thread_in_native, id=12664, stack(0x0000006455f00000,0x0000006456000000) (1024K)]
  0x0000021be10b92a0 JavaThread "Thread-8"                   daemon [_thread_in_native, id=24616, stack(0x0000006456000000,0x0000006456100000) (1024K)]
  0x0000021bea24cbd0 JavaThread "Thread-9"                   daemon [_thread_in_native, id=33116, stack(0x0000006456100000,0x0000006456200000) (1024K)]
  0x0000021bea24beb0 JavaThread "Thread-10"                  daemon [_thread_in_native, id=10592, stack(0x0000006456200000,0x0000006456300000) (1024K)]
  0x0000021bea24d260 JavaThread "Thread-11"                  daemon [_thread_in_native, id=31028, stack(0x0000006456300000,0x0000006456400000) (1024K)]
  0x0000021bea24d8f0 JavaThread "Thread-12"                  daemon [_thread_in_native, id=43944, stack(0x0000006456400000,0x0000006456500000) (1024K)]
  0x0000021bea24b190 JavaThread "Thread-13"                  daemon [_thread_in_native, id=43220, stack(0x0000006456500000,0x0000006456600000) (1024K)]
  0x0000021bea24ab00 JavaThread "Thread-14"                  daemon [_thread_in_native, id=18660, stack(0x0000006456600000,0x0000006456700000) (1024K)]
  0x0000021bea24e610 JavaThread "Thread-15"                  daemon [_thread_in_native, id=34932, stack(0x0000006456700000,0x0000006456800000) (1024K)]
  0x0000021bea24df80 JavaThread "Thread-16"                  daemon [_thread_in_native, id=39828, stack(0x0000006456800000,0x0000006456900000) (1024K)]
  0x0000021bea24c540 JavaThread "Thread-17"                  daemon [_thread_in_native, id=1164, stack(0x0000006456900000,0x0000006456a00000) (1024K)]
  0x0000021bea24eca0 JavaThread "pool-2-thread-1"                   [_thread_blocked, id=30396, stack(0x0000006456a00000,0x0000006456b00000) (1024K)]
  0x0000021bea24b820 JavaThread "WorkspaceEventsHandler"            [_thread_blocked, id=35624, stack(0x0000006456d00000,0x0000006456e00000) (1024K)]
  0x0000021bea24f9c0 JavaThread "pool-1-thread-1"                   [_thread_blocked, id=10468, stack(0x0000006456e00000,0x0000006456f00000) (1024K)]
  0x0000021bf54dcf20 JavaThread "Worker-10"                         [_thread_blocked, id=40376, stack(0x0000006453a00000,0x0000006453b00000) (1024K)]
  0x0000021bf54de2d0 JavaThread "Worker-12"                         [_thread_blocked, id=43200, stack(0x0000006454d00000,0x0000006454e00000) (1024K)]
Total: 42

Other Threads:
  0x0000021b8813fa70 VMThread "VM Thread"                           [id=40640, stack(0x0000006452b00000,0x0000006452c00000) (1024K)]
  0x0000021b88107530 WatcherThread "VM Periodic Task Thread"        [id=39616, stack(0x0000006452a00000,0x0000006452b00000) (1024K)]
  0x0000021b880b9180 WorkerThread "GC Thread#0"                     [id=21008, stack(0x0000006452900000,0x0000006452a00000) (1024K)]
  0x0000021be2b34800 WorkerThread "GC Thread#1"                     [id=36268, stack(0x0000006453b00000,0x0000006453c00000) (1024K)]
  0x0000021be2b34bb0 WorkerThread "GC Thread#2"                     [id=18896, stack(0x0000006453c00000,0x0000006453d00000) (1024K)]
  0x0000021be2b34f60 WorkerThread "GC Thread#3"                     [id=34892, stack(0x0000006453d00000,0x0000006453e00000) (1024K)]
  0x0000021be7045f00 WorkerThread "GC Thread#4"                     [id=34096, stack(0x0000006453e00000,0x0000006453f00000) (1024K)]
  0x0000021be70462b0 WorkerThread "GC Thread#5"                     [id=43548, stack(0x0000006453f00000,0x0000006454000000) (1024K)]
  0x0000021be2ebafb0 WorkerThread "GC Thread#6"                     [id=34616, stack(0x0000006454000000,0x0000006454100000) (1024K)]
  0x0000021be2e33c50 WorkerThread "GC Thread#7"                     [id=40344, stack(0x0000006454300000,0x0000006454400000) (1024K)]
  0x0000021be760aaa0 WorkerThread "GC Thread#8"                     [id=36580, stack(0x0000006454100000,0x0000006454200000) (1024K)]
  0x0000021be760ae50 WorkerThread "GC Thread#9"                     [id=26880, stack(0x0000006454700000,0x0000006454800000) (1024K)]
  0x0000021be7808940 WorkerThread "GC Thread#10"                    [id=36052, stack(0x0000006454800000,0x0000006454900000) (1024K)]
  0x0000021be7738610 WorkerThread "GC Thread#11"                    [id=36968, stack(0x0000006454b00000,0x0000006454c00000) (1024K)]
  0x0000021be7737b00 WorkerThread "GC Thread#12"                    [id=43476, stack(0x0000006454c00000,0x0000006454d00000) (1024K)]
Total: 15

Threads with active compile tasks:
Total: 0

VM state: not at safepoint (normal execution)

VM Mutex/Monitor currently owned by a thread: None

Heap address: 0x0000000080000000, size: 2048 MB, Compressed Oops mode: 32-bit

CDS archive(s) mapped at: [0x0000021b9f000000-0x0000021b9fba0000-0x0000021b9fba0000), size 12189696, SharedBaseAddress: 0x0000021b9f000000, ArchiveRelocationMode: 1.
Compressed class space mapped at: 0x0000021ba0000000-0x0000021be0000000, reserved size: 1073741824
Narrow klass base: 0x0000021b9f000000, Narrow klass shift: 0, Narrow klass range: 0x100000000

GC Precious Log:
 CardTable entry size: 512
 CPUs: 16 total, 16 available
 Memory: 16068M
 Large Page Support: Disabled
 NUMA Support: Disabled
 Compressed Oops: Enabled (32-bit)
 Alignments: Space 512K, Generation 512K, Heap 2M
 Heap Min Capacity: 100M
 Heap Initial Capacity: 100M
 Heap Max Capacity: 2G
 Pre-touch: Disabled
 Parallel Workers: 13

Heap:
 PSYoungGen      total 4608K, used 4404K [0x00000000d5580000, 0x00000000d5c00000, 0x0000000100000000)
  eden space 4096K, 98% used [0x00000000d5580000,0x00000000d5975360,0x00000000d5980000)
  from space 512K, 68% used [0x00000000d5b80000,0x00000000d5bd8000,0x00000000d5c00000)
  to   space 512K, 0% used [0x00000000d5b00000,0x00000000d5b00000,0x00000000d5b80000)
 ParOldGen       total 513024K, used 421642K [0x0000000080000000, 0x000000009f500000, 0x00000000d5580000)
  object space 513024K, 82% used [0x0000000080000000,0x0000000099bc2a70,0x000000009f500000)
 Metaspace       used 72217K, committed 73728K, reserved 1179648K
  class space    used 7277K, committed 7936K, reserved 1048576K

Card table byte_map: [0x0000021b87a40000,0x0000021b87e50000] _byte_map_base: 0x0000021b87640000

Marking Bits: (ParMarkBitMap*) 0x00007ffdac744460
 Begin Bits: [0x0000021b9a550000, 0x0000021b9c550000)
 End Bits:   [0x0000021b9c550000, 0x0000021b9e550000)

Polling page: 0x0000021b85ef0000

Metaspace:

Usage:
  Non-class:     63.42 MB used.
      Class:      7.11 MB used.
       Both:     70.53 MB used.

Virtual space:
  Non-class space:      128.00 MB reserved,      64.25 MB ( 50%) committed,  2 nodes.
      Class space:        1.00 GB reserved,       7.75 MB ( <1%) committed,  1 nodes.
             Both:        1.12 GB reserved,      72.00 MB (  6%) committed. 

Chunk freelists:
   Non-Class:  15.67 MB
       Class:  8.23 MB
        Both:  23.91 MB

MaxMetaspaceSize: unlimited
CompressedClassSpaceSize: 1.00 GB
Initial GC threshold: 21.00 MB
Current GC threshold: 107.12 MB
CDS: on
 - commit_granule_bytes: 65536.
 - commit_granule_words: 8192.
 - virtual_space_node_default_size: 8388608.
 - enlarge_chunks_in_place: 1.
 - use_allocation_guard: 0.


Internal statistics:

num_allocs_failed_limit: 13.
num_arena_births: 1292.
num_arena_deaths: 40.
num_vsnodes_births: 3.
num_vsnodes_deaths: 0.
num_space_committed: 1152.
num_space_uncommitted: 0.
num_chunks_returned_to_freelist: 58.
num_chunks_taken_from_freelist: 4774.
num_chunk_merges: 16.
num_chunk_splits: 2764.
num_chunks_enlarged: 1376.
num_inconsistent_stats: 0.

CodeHeap 'non-profiled nmethods': size=119168Kb used=19423Kb max_used=19423Kb free=99744Kb
 bounds [0x0000021b92e40000, 0x0000021b94140000, 0x0000021b9a2a0000]
CodeHeap 'profiled nmethods': size=119104Kb used=42107Kb max_used=42107Kb free=76996Kb
 bounds [0x0000021b8b2a0000, 0x0000021b8dbc0000, 0x0000021b926f0000]
CodeHeap 'non-nmethods': size=7488Kb used=1484Kb max_used=3269Kb free=6003Kb
 bounds [0x0000021b926f0000, 0x0000021b92a70000, 0x0000021b92e40000]
CodeCache: size=245760Kb, used=63014Kb, max_used=64799Kb, free=182743Kb
 total_blobs=17684, nmethods=16884, adapters=702, full_count=0
Compilation: enabled, stopped_count=0, restarted_count=0

Compilation events (20 events):
Event: 158254.396 Thread 0x0000021be0e6be50 18663       3       org.eclipse.core.internal.runtime.InternalPlatform::getContextProperty (24 bytes)
Event: 158254.397 Thread 0x0000021be0e6be50 nmethod 18663 0x0000021b8dbbce10 code [0x0000021b8dbbd040, 0x0000021b8dbbd668]
Event: 158254.397 Thread 0x0000021be0e6be50 18661       3       org.eclipse.core.runtime.Platform::getOS (7 bytes)
Event: 158254.400 Thread 0x0000021be0e6be50 nmethod 18661 0x0000021b8dbbd910 code [0x0000021b8dbbdb60, 0x0000021b8dbbe2c0]
Event: 158254.400 Thread 0x0000021be0e6be50 18666       3       java.nio.HeapByteBuffer::put (16 bytes)
Event: 158254.401 Thread 0x0000021be0e56160 nmethod 18667 0x0000021b9411f210 code [0x0000021b9411f3c0, 0x0000021b9411f830]
Event: 158254.402 Thread 0x0000021be0e56160 18668   !   4       org.eclipse.core.filesystem.provider.FileStore::fetchInfo (27 bytes)
Event: 158254.406 Thread 0x0000021be0e6e060 nmethod 18665 0x0000021b9411fa10 code [0x0000021b9411fc00, 0x0000021b94120140]
Event: 158254.406 Thread 0x0000021be0e6e060 18669       4       org.eclipse.core.internal.filesystem.local.LocalFile::fetchInfo (45 bytes)
Event: 158254.415 Thread 0x0000021be0e6be50 nmethod 18666 0x0000021b8dbbe610 code [0x0000021b8dbbe7e0, 0x0000021b8dbbeab8]
Event: 158254.823 Thread 0x0000021be0e56160 nmethod 18668 0x0000021b94120710 code [0x0000021b94120c60, 0x0000021b94124740]
Event: 158254.823 Thread 0x0000021be0e6e060 nmethod 18669 0x0000021b94126e10 code [0x0000021b94127360, 0x0000021b9412acb0]
Event: 158254.832 Thread 0x0000021be0e56160 18670   !   4       org.eclipse.core.internal.filesystem.local.Win32Handler::fetchFileInfo (231 bytes)
Event: 158254.832 Thread 0x0000021be0e6e060 18664       4       org.eclipse.core.runtime.Path::<init> (77 bytes)
Event: 158254.860 Thread 0x0000021be0e6e060 nmethod 18664 0x0000021b9412d290 code [0x0000021b9412d4e0, 0x0000021b9412de00]
Event: 158254.929 Thread 0x0000021be0e56160 nmethod 18670 0x0000021b9412e790 code [0x0000021b9412ec60, 0x0000021b94131cb8]
Event: 158290.512 Thread 0x0000021be0e56160 18671       4       java.util.concurrent.ThreadPoolExecutor$Worker::lock (6 bytes)
Event: 158290.517 Thread 0x0000021be0e56160 nmethod 18671 0x0000021b94133e10 code [0x0000021b94133fa0, 0x0000021b94134080]
Event: 158393.213 Thread 0x0000021be0e56160 18672   !   4       java.util.concurrent.ThreadPoolExecutor::getTask (177 bytes)
Event: 158393.437 Thread 0x0000021be0e56160 nmethod 18672 0x0000021b94134190 code [0x0000021b941345e0, 0x0000021b94136440]

GC Heap History (20 events):
Event: 88472.618 GC heap before
{Heap before GC invocations=923 (full 4):
 PSYoungGen      total 2048K, used 1575K [0x00000000d5580000, 0x00000000d5a80000, 0x0000000100000000)
  eden space 1024K, 96% used [0x00000000d5580000,0x00000000d5676228,0x00000000d5680000)
  from space 1024K, 57% used [0x00000000d5980000,0x00000000d5a13cc0,0x00000000d5a80000)
  to   space 1024K, 0% used [0x00000000d5880000,0x00000000d5880000,0x00000000d5980000)
 ParOldGen       total 513024K, used 410523K [0x0000000080000000, 0x000000009f500000, 0x00000000d5580000)
  object space 513024K, 80% used [0x0000000080000000,0x00000000990e6e58,0x000000009f500000)
 Metaspace       used 72172K, committed 73664K, reserved 1179648K
  class space    used 7272K, committed 7936K, reserved 1048576K
}
Event: 88472.623 GC heap after
{Heap after GC invocations=923 (full 4):
 PSYoungGen      total 2560K, used 988K [0x00000000d5580000, 0x00000000d5a00000, 0x0000000100000000)
  eden space 1536K, 0% used [0x00000000d5580000,0x00000000d5580000,0x00000000d5700000)
  from space 1024K, 96% used [0x00000000d5880000,0x00000000d5977300,0x00000000d5980000)
  to   space 512K, 0% used [0x00000000d5980000,0x00000000d5980000,0x00000000d5a00000)
 ParOldGen       total 513024K, used 410899K [0x0000000080000000, 0x000000009f500000, 0x00000000d5580000)
  object space 513024K, 80% used [0x0000000080000000,0x0000000099144e58,0x000000009f500000)
 Metaspace       used 72172K, committed 73664K, reserved 1179648K
  class space    used 7272K, committed 7936K, reserved 1048576K
}
Event: 88472.655 GC heap before
{Heap before GC invocations=924 (full 4):
 PSYoungGen      total 2560K, used 2418K [0x00000000d5580000, 0x00000000d5a00000, 0x0000000100000000)
  eden space 1536K, 93% used [0x00000000d5580000,0x00000000d56e5590,0x00000000d5700000)
  from space 1024K, 96% used [0x00000000d5880000,0x00000000d5977300,0x00000000d5980000)
  to   space 512K, 0% used [0x00000000d5980000,0x00000000d5980000,0x00000000d5a00000)
 ParOldGen       total 513024K, used 410899K [0x0000000080000000, 0x000000009f500000, 0x00000000d5580000)
  object space 513024K, 80% used [0x0000000080000000,0x0000000099144e58,0x000000009f500000)
 Metaspace       used 72172K, committed 73664K, reserved 1179648K
  class space    used 7272K, committed 7936K, reserved 1048576K
}
Event: 88472.662 GC heap after
{Heap after GC invocations=924 (full 4):
 PSYoungGen      total 2560K, used 508K [0x00000000d5580000, 0x00000000d5b80000, 0x0000000100000000)
  eden space 2048K, 0% used [0x00000000d5580000,0x00000000d5580000,0x00000000d5780000)
  from space 512K, 99% used [0x00000000d5980000,0x00000000d59ff300,0x00000000d5a00000)
  to   space 2048K, 0% used [0x00000000d5780000,0x00000000d5780000,0x00000000d5980000)
 ParOldGen       total 513024K, used 412134K [0x0000000080000000, 0x000000009f500000, 0x00000000d5580000)
  object space 513024K, 80% used [0x0000000080000000,0x0000000099279918,0x000000009f500000)
 Metaspace       used 72172K, committed 73664K, reserved 1179648K
  class space    used 7272K, committed 7936K, reserved 1048576K
}
Event: 88472.667 GC heap before
{Heap before GC invocations=925 (full 4):
 PSYoungGen      total 2560K, used 2556K [0x00000000d5580000, 0x00000000d5b80000, 0x0000000100000000)
  eden space 2048K, 100% used [0x00000000d5580000,0x00000000d5780000,0x00000000d5780000)
  from space 512K, 99% used [0x00000000d5980000,0x00000000d59ff300,0x00000000d5a00000)
  to   space 2048K, 0% used [0x00000000d5780000,0x00000000d5780000,0x00000000d5980000)
 ParOldGen       total 513024K, used 412134K [0x0000000080000000, 0x000000009f500000, 0x00000000d5580000)
  object space 513024K, 80% used [0x0000000080000000,0x0000000099279918,0x000000009f500000)
 Metaspace       used 72172K, committed 73664K, reserved 1179648K
  class space    used 7272K, committed 7936K, reserved 1048576K
}
Event: 88472.676 GC heap after
{Heap after GC invocations=925 (full 4):
 PSYoungGen      total 4096K, used 2021K [0x00000000d5580000, 0x00000000d5e00000, 0x0000000100000000)
  eden space 2048K, 0% used [0x00000000d5580000,0x00000000d5580000,0x00000000d5780000)
  from space 2048K, 98% used [0x00000000d5780000,0x00000000d59797b0,0x00000000d5980000)
  to   space 3072K, 0% used [0x00000000d5b00000,0x00000000d5b00000,0x00000000d5e00000)
 ParOldGen       total 513024K, used 412739K [0x0000000080000000, 0x000000009f500000, 0x00000000d5580000)
  object space 513024K, 80% used [0x0000000080000000,0x0000000099310c18,0x000000009f500000)
 Metaspace       used 72172K, committed 73664K, reserved 1179648K
  class space    used 7272K, committed 7936K, reserved 1048576K
}
Event: 88472.685 GC heap before
{Heap before GC invocations=926 (full 4):
 PSYoungGen      total 4096K, used 4069K [0x00000000d5580000, 0x00000000d5e00000, 0x0000000100000000)
  eden space 2048K, 100% used [0x00000000d5580000,0x00000000d5780000,0x00000000d5780000)
  from space 2048K, 98% used [0x00000000d5780000,0x00000000d59797b0,0x00000000d5980000)
  to   space 3072K, 0% used [0x00000000d5b00000,0x00000000d5b00000,0x00000000d5e00000)
 ParOldGen       total 513024K, used 412739K [0x0000000080000000, 0x000000009f500000, 0x00000000d5580000)
  object space 513024K, 80% used [0x0000000080000000,0x0000000099310c18,0x000000009f500000)
 Metaspace       used 72172K, committed 73664K, reserved 1179648K
  class space    used 7272K, committed 7936K, reserved 1048576K
}
Event: 88472.702 GC heap after
{Heap after GC invocations=926 (full 4):
 PSYoungGen      total 4608K, used 2002K [0x00000000d5580000, 0x00000000d5d00000, 0x0000000100000000)
  eden space 2560K, 0% used [0x00000000d5580000,0x00000000d5580000,0x00000000d5800000)
  from space 2048K, 97% used [0x00000000d5b00000,0x00000000d5cf4800,0x00000000d5d00000)
  to   space 2560K, 0% used [0x00000000d5800000,0x00000000d5800000,0x00000000d5a80000)
 ParOldGen       total 513024K, used 414784K [0x0000000080000000, 0x000000009f500000, 0x00000000d5580000)
  object space 513024K, 80% used [0x0000000080000000,0x00000000995103c8,0x000000009f500000)
 Metaspace       used 72172K, committed 73664K, reserved 1179648K
  class space    used 7272K, committed 7936K, reserved 1048576K
}
Event: 88472.758 GC heap before
{Heap before GC invocations=927 (full 4):
 PSYoungGen      total 4608K, used 4543K [0x00000000d5580000, 0x00000000d5d00000, 0x0000000100000000)
  eden space 2560K, 99% used [0x00000000d5580000,0x00000000d57fb5e0,0x00000000d5800000)
  from space 2048K, 97% used [0x00000000d5b00000,0x00000000d5cf4800,0x00000000d5d00000)
  to   space 2560K, 0% used [0x00000000d5800000,0x00000000d5800000,0x00000000d5a80000)
 ParOldGen       total 513024K, used 414784K [0x0000000080000000, 0x000000009f500000, 0x00000000d5580000)
  object space 513024K, 80% used [0x0000000080000000,0x00000000995103c8,0x000000009f500000)
 Metaspace       used 72172K, committed 73664K, reserved 1179648K
  class space    used 7272K, committed 7936K, reserved 1048576K
}
Event: 88472.771 GC heap after
{Heap after GC invocations=927 (full 4):
 PSYoungGen      total 5120K, used 1845K [0x00000000d5580000, 0x00000000d5c80000, 0x0000000100000000)
  eden space 2560K, 0% used [0x00000000d5580000,0x00000000d5580000,0x00000000d5800000)
  from space 2560K, 72% used [0x00000000d5800000,0x00000000d59cd550,0x00000000d5a80000)
  to   space 2048K, 0% used [0x00000000d5a80000,0x00000000d5a80000,0x00000000d5c80000)
 ParOldGen       total 513024K, used 416440K [0x0000000080000000, 0x000000009f500000, 0x00000000d5580000)
  object space 513024K, 81% used [0x0000000080000000,0x00000000996ae3c8,0x000000009f500000)
 Metaspace       used 72172K, committed 73664K, reserved 1179648K
  class space    used 7272K, committed 7936K, reserved 1048576K
}
Event: 88472.801 GC heap before
{Heap before GC invocations=928 (full 4):
 PSYoungGen      total 5120K, used 4405K [0x00000000d5580000, 0x00000000d5c80000, 0x0000000100000000)
  eden space 2560K, 100% used [0x00000000d5580000,0x00000000d5800000,0x00000000d5800000)
  from space 2560K, 72% used [0x00000000d5800000,0x00000000d59cd550,0x00000000d5a80000)
  to   space 2048K, 0% used [0x00000000d5a80000,0x00000000d5a80000,0x00000000d5c80000)
 ParOldGen       total 513024K, used 416440K [0x0000000080000000, 0x000000009f500000, 0x00000000d5580000)
  object space 513024K, 81% used [0x0000000080000000,0x00000000996ae3c8,0x000000009f500000)
 Metaspace       used 72172K, committed 73664K, reserved 1179648K
  class space    used 7272K, committed 7936K, reserved 1048576K
}
Event: 88472.812 GC heap after
{Heap after GC invocations=928 (full 4):
 PSYoungGen      total 4608K, used 1120K [0x00000000d5580000, 0x00000000d5c00000, 0x0000000100000000)
  eden space 3072K, 0% used [0x00000000d5580000,0x00000000d5580000,0x00000000d5880000)
  from space 1536K, 72% used [0x00000000d5a80000,0x00000000d5b98030,0x00000000d5c00000)
  to   space 1536K, 0% used [0x00000000d5900000,0x00000000d5900000,0x00000000d5a80000)
 ParOldGen       total 513024K, used 418469K [0x0000000080000000, 0x000000009f500000, 0x00000000d5580000)
  object space 513024K, 81% used [0x0000000080000000,0x00000000998a97c8,0x000000009f500000)
 Metaspace       used 72172K, committed 73664K, reserved 1179648K
  class space    used 7272K, committed 7936K, reserved 1048576K
}
Event: 88472.832 GC heap before
{Heap before GC invocations=929 (full 4):
 PSYoungGen      total 4608K, used 4192K [0x00000000d5580000, 0x00000000d5c00000, 0x0000000100000000)
  eden space 3072K, 100% used [0x00000000d5580000,0x00000000d5880000,0x00000000d5880000)
  from space 1536K, 72% used [0x00000000d5a80000,0x00000000d5b98030,0x00000000d5c00000)
  to   space 1536K, 0% used [0x00000000d5900000,0x00000000d5900000,0x00000000d5a80000)
 ParOldGen       total 513024K, used 418469K [0x0000000080000000, 0x000000009f500000, 0x00000000d5580000)
  object space 513024K, 81% used [0x0000000080000000,0x00000000998a97c8,0x000000009f500000)
 Metaspace       used 72173K, committed 73664K, reserved 1179648K
  class space    used 7272K, committed 7936K, reserved 1048576K
}
Event: 88472.841 GC heap after
{Heap after GC invocations=929 (full 4):
 PSYoungGen      total 5120K, used 1408K [0x00000000d5580000, 0x00000000d5c80000, 0x0000000100000000)
  eden space 3584K, 0% used [0x00000000d5580000,0x00000000d5580000,0x00000000d5900000)
  from space 1536K, 91% used [0x00000000d5900000,0x00000000d5a60020,0x00000000d5a80000)
  to   space 1536K, 0% used [0x00000000d5b00000,0x00000000d5b00000,0x00000000d5c80000)
 ParOldGen       total 513024K, used 419469K [0x0000000080000000, 0x000000009f500000, 0x00000000d5580000)
  object space 513024K, 81% used [0x0000000080000000,0x00000000999a37f8,0x000000009f500000)
 Metaspace       used 72173K, committed 73664K, reserved 1179648K
  class space    used 7272K, committed 7936K, reserved 1048576K
}
Event: 88472.913 GC heap before
{Heap before GC invocations=930 (full 4):
 PSYoungGen      total 5120K, used 4992K [0x00000000d5580000, 0x00000000d5c80000, 0x0000000100000000)
  eden space 3584K, 100% used [0x00000000d5580000,0x00000000d5900000,0x00000000d5900000)
  from space 1536K, 91% used [0x00000000d5900000,0x00000000d5a60020,0x00000000d5a80000)
  to   space 1536K, 0% used [0x00000000d5b00000,0x00000000d5b00000,0x00000000d5c80000)
 ParOldGen       total 513024K, used 419469K [0x0000000080000000, 0x000000009f500000, 0x00000000d5580000)
  object space 513024K, 81% used [0x0000000080000000,0x00000000999a37f8,0x000000009f500000)
 Metaspace       used 72173K, committed 73664K, reserved 1179648K
  class space    used 7272K, committed 7936K, reserved 1048576K
}
Event: 88472.921 GC heap after
{Heap after GC invocations=930 (full 4):
 PSYoungGen      total 5632K, used 1346K [0x00000000d5580000, 0x00000000d5d00000, 0x0000000100000000)
  eden space 4096K, 0% used [0x00000000d5580000,0x00000000d5580000,0x00000000d5980000)
  from space 1536K, 87% used [0x00000000d5b00000,0x00000000d5c509c0,0x00000000d5c80000)
  to   space 1536K, 0% used [0x00000000d5980000,0x00000000d5980000,0x00000000d5b00000)
 ParOldGen       total 513024K, used 420320K [0x0000000080000000, 0x000000009f500000, 0x00000000d5580000)
  object space 513024K, 81% used [0x0000000080000000,0x0000000099a783a0,0x000000009f500000)
 Metaspace       used 72173K, committed 73664K, reserved 1179648K
  class space    used 7272K, committed 7936K, reserved 1048576K
}
Event: 94173.149 GC heap before
{Heap before GC invocations=931 (full 4):
 PSYoungGen      total 5632K, used 5442K [0x00000000d5580000, 0x00000000d5d00000, 0x0000000100000000)
  eden space 4096K, 100% used [0x00000000d5580000,0x00000000d5980000,0x00000000d5980000)
  from space 1536K, 87% used [0x00000000d5b00000,0x00000000d5c509c0,0x00000000d5c80000)
  to   space 1536K, 0% used [0x00000000d5980000,0x00000000d5980000,0x00000000d5b00000)
 ParOldGen       total 513024K, used 420320K [0x0000000080000000, 0x000000009f500000, 0x00000000d5580000)
  object space 513024K, 81% used [0x0000000080000000,0x0000000099a783a0,0x000000009f500000)
 Metaspace       used 72204K, committed 73664K, reserved 1179648K
  class space    used 7277K, committed 7936K, reserved 1048576K
}
Event: 94173.329 GC heap after
{Heap after GC invocations=931 (full 4):
 PSYoungGen      total 5632K, used 506K [0x00000000d5580000, 0x00000000d5c80000, 0x0000000100000000)
  eden space 4096K, 0% used [0x00000000d5580000,0x00000000d5580000,0x00000000d5980000)
  from space 1536K, 32% used [0x00000000d5980000,0x00000000d59fe810,0x00000000d5b00000)
  to   space 1024K, 0% used [0x00000000d5b80000,0x00000000d5b80000,0x00000000d5c80000)
 ParOldGen       total 513024K, used 421344K [0x0000000080000000, 0x000000009f500000, 0x00000000d5580000)
  object space 513024K, 82% used [0x0000000080000000,0x0000000099b78260,0x000000009f500000)
 Metaspace       used 72204K, committed 73664K, reserved 1179648K
  class space    used 7277K, committed 7936K, reserved 1048576K
}
Event: 158254.064 GC heap before
{Heap before GC invocations=932 (full 4):
 PSYoungGen      total 5632K, used 4601K [0x00000000d5580000, 0x00000000d5c80000, 0x0000000100000000)
  eden space 4096K, 99% used [0x00000000d5580000,0x00000000d597ff70,0x00000000d5980000)
  from space 1536K, 32% used [0x00000000d5980000,0x00000000d59fe810,0x00000000d5b00000)
  to   space 1024K, 0% used [0x00000000d5b80000,0x00000000d5b80000,0x00000000d5c80000)
 ParOldGen       total 513024K, used 421344K [0x0000000080000000, 0x000000009f500000, 0x00000000d5580000)
  object space 513024K, 82% used [0x0000000080000000,0x0000000099b78260,0x000000009f500000)
 Metaspace       used 72207K, committed 73664K, reserved 1179648K
  class space    used 7277K, committed 7936K, reserved 1048576K
}
Event: 158254.192 GC heap after
{Heap after GC invocations=932 (full 4):
 PSYoungGen      total 4608K, used 352K [0x00000000d5580000, 0x00000000d5c00000, 0x0000000100000000)
  eden space 4096K, 0% used [0x00000000d5580000,0x00000000d5580000,0x00000000d5980000)
  from space 512K, 68% used [0x00000000d5b80000,0x00000000d5bd8000,0x00000000d5c00000)
  to   space 512K, 0% used [0x00000000d5b00000,0x00000000d5b00000,0x00000000d5b80000)
 ParOldGen       total 513024K, used 421642K [0x0000000080000000, 0x000000009f500000, 0x00000000d5580000)
  object space 513024K, 82% used [0x0000000080000000,0x0000000099bc2a70,0x000000009f500000)
 Metaspace       used 72207K, committed 73664K, reserved 1179648K
  class space    used 7277K, committed 7936K, reserved 1048576K
}

Dll operation events (12 events):
Event: 0.037 Loaded shared library c:\Users\mahes\.vscode\extensions\redhat.java-1.55.0-win32-x64\jre\21.0.11-win32-x86_64\bin\java.dll
Event: 0.192 Loaded shared library c:\Users\mahes\.vscode\extensions\redhat.java-1.55.0-win32-x64\jre\21.0.11-win32-x86_64\bin\zip.dll
Event: 0.245 Loaded shared library C:\Users\mahes\.vscode\extensions\redhat.java-1.55.0-win32-x64\jre\21.0.11-win32-x86_64\bin\instrument.dll
Event: 0.259 Loaded shared library C:\Users\mahes\.vscode\extensions\redhat.java-1.55.0-win32-x64\jre\21.0.11-win32-x86_64\bin\net.dll
Event: 0.264 Loaded shared library C:\Users\mahes\.vscode\extensions\redhat.java-1.55.0-win32-x64\jre\21.0.11-win32-x86_64\bin\nio.dll
Event: 0.272 Loaded shared library C:\Users\mahes\.vscode\extensions\redhat.java-1.55.0-win32-x64\jre\21.0.11-win32-x86_64\bin\zip.dll
Event: 0.316 Loaded shared library C:\Users\mahes\.vscode\extensions\redhat.java-1.55.0-win32-x64\jre\21.0.11-win32-x86_64\bin\jimage.dll
Event: 0.512 Loaded shared library c:\Users\mahes\.vscode\extensions\redhat.java-1.55.0-win32-x64\jre\21.0.11-win32-x86_64\bin\verify.dll
Event: 2.843 Loaded shared library C:\Users\mahes\AppData\Roaming\Code\User\globalStorage\redhat.java\1.55.0\config_win\org.eclipse.equinox.launcher\org.eclipse.equinox.launcher.win32.win32.x86_64_1.3.100.v20260613-0559\eclipse_11924.dll
Event: 10.703 Loaded shared library C:\Users\mahes\AppData\Local\Temp\jna-103656706\jna15457599803273203584.dll
Event: 14.779 Loaded shared library C:\Users\mahes\.vscode\extensions\redhat.java-1.55.0-win32-x64\jre\21.0.11-win32-x86_64\bin\sunmscapi.dll
Event: 15.356 Loaded shared library C:\Users\mahes\.vscode\extensions\redhat.java-1.55.0-win32-x64\jre\21.0.11-win32-x86_64\bin\extnet.dll

Deoptimization events (20 events):
Event: 88472.730 Thread 0x0000021be10b2310 DEOPT PACKING pc=0x0000021b8db58384 sp=0x00000064551fe8c0
Event: 88472.730 Thread 0x0000021be10b2310 DEOPT UNPACKING pc=0x0000021b92744242 sp=0x00000064551fde18 mode 0
Event: 88472.736 Thread 0x0000021bf54db4e0 DEOPT PACKING pc=0x0000021b8db58384 sp=0x00000064534feba0
Event: 88472.737 Thread 0x0000021bf54db4e0 DEOPT UNPACKING pc=0x0000021b92744242 sp=0x00000064534fe0f8 mode 0
Event: 89745.319 Thread 0x0000021bea24b820 DEOPT PACKING pc=0x0000021b8db77fc1 sp=0x0000006456dfed30
Event: 89745.323 Thread 0x0000021bea24b820 DEOPT UNPACKING pc=0x0000021b92744242 sp=0x0000006456dfe210 mode 0
Event: 158253.738 Thread 0x0000021bea24b820 DEOPT PACKING pc=0x0000021b8db77fc1 sp=0x0000006456dfed30
Event: 158253.741 Thread 0x0000021bea24b820 DEOPT UNPACKING pc=0x0000021b92744242 sp=0x0000006456dfe210 mode 0
Event: 158253.927 Thread 0x0000021bea24b820 DEOPT PACKING pc=0x0000021b8db77fc1 sp=0x0000006456dfed30
Event: 158253.928 Thread 0x0000021bea24b820 DEOPT UNPACKING pc=0x0000021b92744242 sp=0x0000006456dfe210 mode 0
Event: 158253.980 Thread 0x0000021bea24b820 DEOPT PACKING pc=0x0000021b8db77fc1 sp=0x0000006456dfec40
Event: 158253.980 Thread 0x0000021bea24b820 DEOPT UNPACKING pc=0x0000021b92744242 sp=0x0000006456dfe120 mode 0
Event: 158254.049 Thread 0x0000021bea24b820 DEOPT PACKING pc=0x0000021b8db77fc1 sp=0x0000006456dfec40
Event: 158254.049 Thread 0x0000021bea24b820 DEOPT UNPACKING pc=0x0000021b92744242 sp=0x0000006456dfe120 mode 0
Event: 158254.295 Thread 0x0000021bea24b820 DEOPT PACKING pc=0x0000021b8db77fc1 sp=0x0000006456dfed30
Event: 158254.295 Thread 0x0000021bea24b820 DEOPT UNPACKING pc=0x0000021b92744242 sp=0x0000006456dfe210 mode 0
Event: 158254.322 Thread 0x0000021bea24b820 DEOPT PACKING pc=0x0000021b8db77fc1 sp=0x0000006456dfed00
Event: 158254.322 Thread 0x0000021bea24b820 DEOPT UNPACKING pc=0x0000021b92744242 sp=0x0000006456dfe1e0 mode 0
Event: 158254.377 Thread 0x0000021bea24b820 DEOPT PACKING pc=0x0000021b8db77fc1 sp=0x0000006456dfed00
Event: 158254.377 Thread 0x0000021bea24b820 DEOPT UNPACKING pc=0x0000021b92744242 sp=0x0000006456dfe1e0 mode 0

Classes loaded (20 events):
Event: 313.847 Loading class java/io/ObjectOutputStream$BlockDataOutputStream
Event: 313.849 Loading class java/io/ObjectOutputStream$BlockDataOutputStream done
Event: 313.849 Loading class java/io/ObjectOutputStream$HandleTable
Event: 313.849 Loading class java/io/ObjectOutputStream$HandleTable done
Event: 313.849 Loading class java/io/ObjectOutputStream$ReplaceTable
Event: 313.849 Loading class java/io/ObjectOutputStream$ReplaceTable done
Event: 545.688 Loading class java/lang/Throwable$WrappedPrintWriter
Event: 545.688 Loading class java/lang/Throwable$PrintStreamOrWriter
Event: 545.689 Loading class java/lang/Throwable$PrintStreamOrWriter done
Event: 545.689 Loading class java/lang/Throwable$WrappedPrintWriter done
Event: 545.995 Loading class java/util/concurrent/ConcurrentHashMap$TreeNode
Event: 545.995 Loading class java/util/concurrent/ConcurrentHashMap$TreeNode done
Event: 545.996 Loading class java/util/concurrent/ConcurrentHashMap$TreeBin
Event: 545.996 Loading class java/util/concurrent/ConcurrentHashMap$TreeBin done
Event: 88867.490 Loading class java/util/stream/DistinctOps
Event: 88867.500 Loading class java/util/stream/DistinctOps done
Event: 88867.500 Loading class java/util/stream/DistinctOps$1
Event: 88867.523 Loading class java/util/stream/DistinctOps$1 done
Event: 88867.565 Loading class java/util/stream/DistinctOps$1$2
Event: 88867.570 Loading class java/util/stream/DistinctOps$1$2 done

Classes unloaded (20 events):
Event: 12.285 Thread 0x0000021b8813fa70 Unloading class 0x0000021ba01a4000 'java/lang/invoke/LambdaForm$MH+0x0000021ba01a4000'
Event: 12.285 Thread 0x0000021b8813fa70 Unloading class 0x0000021ba01a3c00 'java/lang/invoke/LambdaForm$MH+0x0000021ba01a3c00'
Event: 12.285 Thread 0x0000021b8813fa70 Unloading class 0x0000021ba01a3800 'java/lang/invoke/LambdaForm$MH+0x0000021ba01a3800'
Event: 12.285 Thread 0x0000021b8813fa70 Unloading class 0x0000021ba01a3400 'java/lang/invoke/LambdaForm$MH+0x0000021ba01a3400'
Event: 12.285 Thread 0x0000021b8813fa70 Unloading class 0x0000021ba01a3000 'java/lang/invoke/LambdaForm$BMH+0x0000021ba01a3000'
Event: 12.285 Thread 0x0000021b8813fa70 Unloading class 0x0000021ba01a2c00 'java/lang/invoke/LambdaForm$DMH+0x0000021ba01a2c00'
Event: 12.285 Thread 0x0000021b8813fa70 Unloading class 0x0000021ba01a1800 'java/lang/invoke/LambdaForm$DMH+0x0000021ba01a1800'
Event: 14.585 Thread 0x0000021b8813fa70 Unloading class 0x0000021ba0309000 'java/lang/invoke/LambdaForm$MH+0x0000021ba0309000'
Event: 14.585 Thread 0x0000021b8813fa70 Unloading class 0x0000021ba0308400 'java/lang/invoke/LambdaForm$MH+0x0000021ba0308400'
Event: 14.585 Thread 0x0000021b8813fa70 Unloading class 0x0000021ba0307c00 'java/lang/invoke/LambdaForm$MH+0x0000021ba0307c00'
Event: 14.585 Thread 0x0000021b8813fa70 Unloading class 0x0000021ba0307400 'java/lang/invoke/LambdaForm$MH+0x0000021ba0307400'
Event: 14.585 Thread 0x0000021b8813fa70 Unloading class 0x0000021ba0307000 'java/lang/invoke/LambdaForm$DMH+0x0000021ba0307000'
Event: 14.585 Thread 0x0000021b8813fa70 Unloading class 0x0000021ba0306400 'java/lang/invoke/LambdaForm$MH+0x0000021ba0306400'
Event: 14.585 Thread 0x0000021b8813fa70 Unloading class 0x0000021ba0302400 'java/lang/invoke/LambdaForm$MH+0x0000021ba0302400'
Event: 14.585 Thread 0x0000021b8813fa70 Unloading class 0x0000021ba0301c00 'java/lang/invoke/LambdaForm$MH+0x0000021ba0301c00'
Event: 14.585 Thread 0x0000021b8813fa70 Unloading class 0x0000021ba0301400 'java/lang/invoke/LambdaForm$MH+0x0000021ba0301400'
Event: 14.585 Thread 0x0000021b8813fa70 Unloading class 0x0000021ba0300c00 'java/lang/invoke/LambdaForm$MH+0x0000021ba0300c00'
Event: 14.585 Thread 0x0000021b8813fa70 Unloading class 0x0000021ba0300400 'java/lang/invoke/LambdaForm$MH+0x0000021ba0300400'
Event: 14.585 Thread 0x0000021b8813fa70 Unloading class 0x0000021ba02f9c00 'java/lang/invoke/LambdaForm$MH+0x0000021ba02f9c00'
Event: 14.585 Thread 0x0000021b8813fa70 Unloading class 0x0000021ba02f9400 'java/lang/invoke/LambdaForm$MH+0x0000021ba02f9400'

Classes redefined (0 events):
No events

Internal exceptions (20 events):
Event: 88472.800 Thread 0x0000021be10b2310 Implicit null exception at 0x0000021b8ca2281b to 0x0000021b8ca22dd5
Event: 88472.800 Thread 0x0000021be10b2310 Exception <a 'java/lang/NullPointerException'{0x00000000d57f4310}> (0x00000000d57f4310) 
thrown [s\src\hotspot\share\runtime\sharedRuntime.cpp, line 625]
Event: 88472.813 Thread 0x0000021be10b2310 Implicit null exception at 0x0000021b8ca2281b to 0x0000021b8ca22dd5
Event: 88472.813 Thread 0x0000021be10b2310 Exception <a 'java/lang/NullPointerException'{0x00000000d5589340}> (0x00000000d5589340) 
thrown [s\src\hotspot\share\runtime\sharedRuntime.cpp, line 625]
Event: 88472.814 Thread 0x0000021be10b2310 Implicit null exception at 0x0000021b8ca2281b to 0x0000021b8ca22dd5
Event: 88472.814 Thread 0x0000021be10b2310 Exception <a 'java/lang/NullPointerException'{0x00000000d558d0c8}> (0x00000000d558d0c8) 
thrown [s\src\hotspot\share\runtime\sharedRuntime.cpp, line 625]
Event: 88472.814 Thread 0x0000021be10b2310 Implicit null exception at 0x0000021b8ca2281b to 0x0000021b8ca22dd5
Event: 88472.814 Thread 0x0000021be10b2310 Exception <a 'java/lang/NullPointerException'{0x00000000d5595ac0}> (0x00000000d5595ac0) 
thrown [s\src\hotspot\share\runtime\sharedRuntime.cpp, line 625]
Event: 88472.814 Thread 0x0000021be10b2310 Implicit null exception at 0x0000021b8ca2281b to 0x0000021b8ca22dd5
Event: 88472.814 Thread 0x0000021be10b2310 Exception <a 'java/lang/NullPointerException'{0x00000000d5597aa0}> (0x00000000d5597aa0) 
thrown [s\src\hotspot\share\runtime\sharedRuntime.cpp, line 625]
Event: 88472.815 Thread 0x0000021be10b2310 Implicit null exception at 0x0000021b8ca2281b to 0x0000021b8ca22dd5
Event: 88472.815 Thread 0x0000021be10b2310 Exception <a 'java/lang/NullPointerException'{0x00000000d559c8d0}> (0x00000000d559c8d0) 
thrown [s\src\hotspot\share\runtime\sharedRuntime.cpp, line 625]
Event: 88472.817 Thread 0x0000021be10b2310 Implicit null exception at 0x0000021b8ca2281b to 0x0000021b8ca22dd5
Event: 88472.817 Thread 0x0000021be10b2310 Exception <a 'java/lang/NullPointerException'{0x00000000d55b6b10}> (0x00000000d55b6b10) 
thrown [s\src\hotspot\share\runtime\sharedRuntime.cpp, line 625]
Event: 88472.818 Thread 0x0000021be10b2310 Implicit null exception at 0x0000021b8ca2281b to 0x0000021b8ca22dd5
Event: 88472.818 Thread 0x0000021be10b2310 Exception <a 'java/lang/NullPointerException'{0x00000000d55e4258}> (0x00000000d55e4258) 
thrown [s\src\hotspot\share\runtime\sharedRuntime.cpp, line 625]
Event: 88472.821 Thread 0x0000021be10b2310 Implicit null exception at 0x0000021b8ca2281b to 0x0000021b8ca22dd5
Event: 88472.821 Thread 0x0000021be10b2310 Exception <a 'java/lang/NullPointerException'{0x00000000d55ffce0}> (0x00000000d55ffce0) 
thrown [s\src\hotspot\share\runtime\sharedRuntime.cpp, line 625]
Event: 88472.821 Thread 0x0000021be10b2310 Implicit null exception at 0x0000021b8ca2281b to 0x0000021b8ca22dd5
Event: 88472.821 Thread 0x0000021be10b2310 Exception <a 'java/lang/NullPointerException'{0x00000000d5643ad8}> (0x00000000d5643ad8) 
thrown [s\src\hotspot\share\runtime\sharedRuntime.cpp, line 625]

ZGC Phase Switch (0 events):
No events

VM Operations (20 events):
Event: 158345.126 Executing non-safepoint VM operation: HandshakeAllThreads (HandshakeForDeflation)
Event: 158345.126 Executing non-safepoint VM operation: HandshakeAllThreads (HandshakeForDeflation) done
Event: 158345.126 Executing non-safepoint VM operation: RendezvousGCThreads
Event: 158345.126 Executing non-safepoint VM operation: RendezvousGCThreads done
Event: 158405.183 Executing non-safepoint VM operation: HandshakeAllThreads (HandshakeForDeflation)
Event: 158405.188 Executing non-safepoint VM operation: HandshakeAllThreads (HandshakeForDeflation) done
Event: 158405.189 Executing non-safepoint VM operation: RendezvousGCThreads
Event: 158405.189 Executing non-safepoint VM operation: RendezvousGCThreads done
Event: 158465.278 Executing non-safepoint VM operation: HandshakeAllThreads (HandshakeForDeflation)
Event: 158465.286 Executing non-safepoint VM operation: HandshakeAllThreads (HandshakeForDeflation) done
Event: 158465.287 Executing non-safepoint VM operation: RendezvousGCThreads
Event: 158465.288 Executing non-safepoint VM operation: RendezvousGCThreads done
Event: 158525.290 Executing non-safepoint VM operation: HandshakeAllThreads (HandshakeForDeflation)
Event: 158525.291 Executing non-safepoint VM operation: HandshakeAllThreads (HandshakeForDeflation) done
Event: 158525.291 Executing non-safepoint VM operation: RendezvousGCThreads
Event: 158525.291 Executing non-safepoint VM operation: RendezvousGCThreads done
Event: 158585.550 Executing non-safepoint VM operation: HandshakeAllThreads (HandshakeForDeflation)
Event: 158585.550 Executing non-safepoint VM operation: HandshakeAllThreads (HandshakeForDeflation) done
Event: 158585.550 Executing non-safepoint VM operation: RendezvousGCThreads
Event: 158585.550 Executing non-safepoint VM operation: RendezvousGCThreads done

Memory protections (0 events):
No events

Nmethod flushes (20 events):
Event: 35.149 Thread 0x0000021b8813fa70 flushing  nmethod 0x0000021b8c0de210
Event: 35.149 Thread 0x0000021b8813fa70 flushing  nmethod 0x0000021b8c0de910
Event: 35.149 Thread 0x0000021b8813fa70 flushing osr nmethod 0x0000021b8c0f1490
Event: 35.149 Thread 0x0000021b8813fa70 flushing  nmethod 0x0000021b8c0f5f10
Event: 35.149 Thread 0x0000021b8813fa70 flushing  nmethod 0x0000021b8c0f9810
Event: 35.149 Thread 0x0000021b8813fa70 flushing  nmethod 0x0000021b8c11e690
Event: 35.149 Thread 0x0000021b8813fa70 flushing  nmethod 0x0000021b8c124f10
Event: 35.149 Thread 0x0000021b8813fa70 flushing  nmethod 0x0000021b8c125390
Event: 35.149 Thread 0x0000021b8813fa70 flushing  nmethod 0x0000021b8c125f90
Event: 35.149 Thread 0x0000021b8813fa70 flushing  nmethod 0x0000021b8c1b9e90
Event: 35.149 Thread 0x0000021b8813fa70 flushing  nmethod 0x0000021b8c1d0810
Event: 35.149 Thread 0x0000021b8813fa70 flushing  nmethod 0x0000021b8c1d1890
Event: 35.149 Thread 0x0000021b8813fa70 flushing  nmethod 0x0000021b8c1d2190
Event: 35.149 Thread 0x0000021b8813fa70 flushing  nmethod 0x0000021b8c264c10
Event: 35.149 Thread 0x0000021b8813fa70 flushing  nmethod 0x0000021b8c278b90
Event: 35.149 Thread 0x0000021b8813fa70 flushing  nmethod 0x0000021b8c29b710
Event: 35.149 Thread 0x0000021b8813fa70 flushing  nmethod 0x0000021b8c337010
Event: 35.149 Thread 0x0000021b8813fa70 flushing  nmethod 0x0000021b8c33a190
Event: 35.149 Thread 0x0000021b8813fa70 flushing  nmethod 0x0000021b8c34d990
Event: 35.149 Thread 0x0000021b8813fa70 flushing osr nmethod 0x0000021b8c3bee10

Events (20 events):
Event: 88472.265 Thread 0x0000021be0e6be50 Thread added: 0x0000021bf46645c0
Event: 88472.266 Thread 0x0000021be0e6be50 Thread added: 0x0000021bf4664c90
Event: 88472.314 Thread 0x0000021be0e6be50 Thread added: 0x0000021bf4661ce0
Event: 88472.431 Thread 0x0000021be0e6be50 Thread added: 0x0000021be0e6e060
Event: 88472.607 Thread 0x0000021bf54dcf20 Thread added: 0x0000021bf54de2d0
Event: 88472.732 Thread 0x0000021bf4661ce0 Thread exited: 0x0000021bf4661ce0
Event: 88472.733 Thread 0x0000021bf54dcf20 Thread added: 0x0000021bf54db4e0
Event: 88472.738 Thread 0x0000021bf4664c90 Thread exited: 0x0000021bf4664c90
Event: 88472.756 Thread 0x0000021bf54dcf20 Thread added: 0x0000021bf54dc890
Event: 88477.926 Thread 0x0000021be0e6e060 Thread exited: 0x0000021be0e6e060
Event: 88477.935 Thread 0x0000021bf46645c0 Thread exited: 0x0000021bf46645c0
Event: 88532.870 Thread 0x0000021bf54dc890 Thread exited: 0x0000021bf54dc890
Event: 88586.349 Thread 0x0000021bf54ddc40 Thread exited: 0x0000021bf54ddc40
Event: 88772.575 Thread 0x0000021bf54dcf20 Thread added: 0x0000021bf54dbb70
Event: 88772.577 Thread 0x0000021bf54dbb70 Thread exited: 0x0000021bf54dbb70
Event: 88772.580 Thread 0x0000021bf54dcf20 Thread added: 0x0000021bf54ddc40
Event: 88772.581 Thread 0x0000021bf54ddc40 Thread exited: 0x0000021bf54ddc40
Event: 88772.752 Thread 0x0000021bf54db4e0 Thread exited: 0x0000021bf54db4e0
Event: 158254.372 Thread 0x0000021be0e6be50 Thread added: 0x0000021be0e6e060
Event: 158259.862 Thread 0x0000021be0e6e060 Thread exited: 0x0000021be0e6e060


Dynamic libraries:
0x00007ff7568a0000 - 0x00007ff7568ae000 	c:\Users\mahes\.vscode\extensions\redhat.java-1.55.0-win32-x64\jre\21.0.11-win32-x86_64\bin\java.exe
0x00007fff06bc0000 - 0x00007fff06e26000 	C:\WINDOWS\SYSTEM32\ntdll.dll
0x00007fff05160000 - 0x00007fff05229000 	C:\WINDOWS\System32\KERNEL32.DLL
0x00007fff04280000 - 0x00007fff0467a000 	C:\WINDOWS\System32\KERNELBASE.dll
0x00007fff047e0000 - 0x00007fff0492c000 	C:\WINDOWS\System32\ucrtbase.dll
0x00007ffeadcb0000 - 0x00007ffeadcc8000 	c:\Users\mahes\.vscode\extensions\redhat.java-1.55.0-win32-x64\jre\21.0.11-win32-x86_64\bin\jli.dll
0x00007fff063c0000 - 0x00007fff06587000 	C:\WINDOWS\System32\USER32.dll
0x00007fff047b0000 - 0x00007fff047d7000 	C:\WINDOWS\System32\win32u.dll
0x00007fff05030000 - 0x00007fff0505b000 	C:\WINDOWS\System32\GDI32.dll
0x00007fff04680000 - 0x00007fff047ab000 	C:\WINDOWS\System32\gdi32full.dll
0x00007fff04060000 - 0x00007fff04103000 	C:\WINDOWS\System32\msvcp_win.dll
0x00007ffeaddb0000 - 0x00007ffeaddce000 	c:\Users\mahes\.vscode\extensions\redhat.java-1.55.0-win32-x64\jre\21.0.11-win32-x86_64\bin\VCRUNTIME140.dll
0x00007ffee4cb0000 - 0x00007ffee4f42000 	C:\WINDOWS\WinSxS\amd64_microsoft.windows.common-controls_6595b64144ccf1df_6.0.26100.8521_none_3e08b75ce33403b3\COMCTL32.dll
0x00007fff04f80000 - 0x00007fff05029000 	C:\WINDOWS\System32\msvcrt.dll
0x00007fff04c20000 - 0x00007fff04c52000 	C:\WINDOWS\System32\IMM32.DLL
0x00007ffee4710000 - 0x00007ffee471c000 	c:\Users\mahes\.vscode\extensions\redhat.java-1.55.0-win32-x64\jre\21.0.11-win32-x86_64\bin\vcruntime140_1.dll
0x00007ffe0e150000 - 0x00007ffe0e1dd000 	c:\Users\mahes\.vscode\extensions\redhat.java-1.55.0-win32-x64\jre\21.0.11-win32-x86_64\bin\msvcp140.dll
0x00007ffdaba80000 - 0x00007ffdac822000 	c:\Users\mahes\.vscode\extensions\redhat.java-1.55.0-win32-x64\jre\21.0.11-win32-x86_64\bin\server\jvm.dll
0x00007fff06230000 - 0x00007fff062e6000 	C:\WINDOWS\System32\ADVAPI32.dll
0x00007fff04930000 - 0x00007fff049da000 	C:\WINDOWS\System32\sechost.dll
0x00007fff04c60000 - 0x00007fff04d78000 	C:\WINDOWS\System32\RPCRT4.dll
0x00007fff04b90000 - 0x00007fff04c10000 	C:\WINDOWS\System32\WS2_32.dll
0x00007fff03cb0000 - 0x00007fff03d0e000 	C:\WINDOWS\SYSTEM32\POWRPROF.dll
0x00007ffefdbf0000 - 0x00007ffefdc26000 	C:\WINDOWS\SYSTEM32\WINMM.dll
0x00007ffeefd50000 - 0x00007ffeefd5b000 	C:\WINDOWS\SYSTEM32\VERSION.dll
0x00007fff03c90000 - 0x00007fff03ca4000 	C:\WINDOWS\SYSTEM32\UMPDC.dll
0x00007fff02be0000 - 0x00007fff02bfb000 	C:\WINDOWS\SYSTEM32\kernel.appcore.dll
0x00007ffec3960000 - 0x00007ffec396a000 	c:\Users\mahes\.vscode\extensions\redhat.java-1.55.0-win32-x64\jre\21.0.11-win32-x86_64\bin\jimage.dll
0x00007fff01410000 - 0x00007fff01652000 	C:\WINDOWS\SYSTEM32\DBGHELP.DLL
0x00007fff05360000 - 0x00007fff056e3000 	C:\WINDOWS\System32\combase.dll
0x00007fff05280000 - 0x00007fff05359000 	C:\WINDOWS\System32\OLEAUT32.dll
0x00007ffebe160000 - 0x00007ffebe19b000 	C:\WINDOWS\SYSTEM32\dbgcore.DLL
0x00007fff04110000 - 0x00007fff041b8000 	C:\WINDOWS\System32\bcryptPrimitives.dll
0x00007ffebe4e0000 - 0x00007ffebe4ef000 	c:\Users\mahes\.vscode\extensions\redhat.java-1.55.0-win32-x64\jre\21.0.11-win32-x86_64\bin\instrument.dll
0x00007ffeadb80000 - 0x00007ffeadba0000 	c:\Users\mahes\.vscode\extensions\redhat.java-1.55.0-win32-x64\jre\21.0.11-win32-x86_64\bin\java.dll
0x00007fff059a0000 - 0x00007fff06124000 	C:\WINDOWS\System32\SHELL32.dll
0x00007fff019e0000 - 0x00007fff02260000 	C:\WINDOWS\SYSTEM32\windows.storage.dll
0x00007fff05060000 - 0x00007fff05156000 	C:\WINDOWS\System32\SHCORE.dll
0x00007fff049e0000 - 0x00007fff04a47000 	C:\WINDOWS\System32\shlwapi.dll
0x00007fff03d70000 - 0x00007fff03d99000 	C:\WINDOWS\SYSTEM32\profapi.dll
0x00007ffeaa170000 - 0x00007ffeaa188000 	c:\Users\mahes\.vscode\extensions\redhat.java-1.55.0-win32-x64\jre\21.0.11-win32-x86_64\bin\zip.dll
0x00007ffebe3b0000 - 0x00007ffebe3c0000 	C:\Users\mahes\.vscode\extensions\redhat.java-1.55.0-win32-x64\jre\21.0.11-win32-x86_64\bin\net.dll
0x00007ffefcd50000 - 0x00007ffefce79000 	C:\WINDOWS\SYSTEM32\WINHTTP.dll
0x00007fff03150000 - 0x00007fff031bc000 	C:\WINDOWS\system32\mswsock.dll
0x00007ffea9df0000 - 0x00007ffea9e06000 	C:\Users\mahes\.vscode\extensions\redhat.java-1.55.0-win32-x64\jre\21.0.11-win32-x86_64\bin\nio.dll
0x00007ffeb2db0000 - 0x00007ffeb2dc0000 	c:\Users\mahes\.vscode\extensions\redhat.java-1.55.0-win32-x64\jre\21.0.11-win32-x86_64\bin\verify.dll
0x00007ffe0e460000 - 0x00007ffe0e4a5000 	C:\Users\mahes\AppData\Roaming\Code\User\globalStorage\redhat.java\1.55.0\config_win\org.eclipse.equinox.launcher\org.eclipse.equinox.launcher.win32.win32.x86_64_1.3.100.v20260613-0559\eclipse_11924.dll
0x00007fff057f0000 - 0x00007fff05988000 	C:\WINDOWS\System32\ole32.dll
0x00007fff03430000 - 0x00007fff0344b000 	C:\WINDOWS\SYSTEM32\CRYPTSP.dll
0x00007fff02b20000 - 0x00007fff02b59000 	C:\WINDOWS\system32\rsaenh.dll
0x00007fff03200000 - 0x00007fff03233000 	C:\WINDOWS\SYSTEM32\USERENV.dll
0x00007fff03d40000 - 0x00007fff03d6a000 	C:\WINDOWS\SYSTEM32\bcrypt.dll
0x00007fff03450000 - 0x00007fff0345c000 	C:\WINDOWS\SYSTEM32\CRYPTBASE.dll
0x00007fff025e0000 - 0x00007fff02613000 	C:\WINDOWS\SYSTEM32\IPHLPAPI.DLL
0x00007fff04d90000 - 0x00007fff04d9a000 	C:\WINDOWS\System32\NSI.dll
0x00007ffdf74c0000 - 0x00007ffdf7509000 	C:\Users\mahes\AppData\Local\Temp\jna-103656706\jna15457599803273203584.dll
0x00007fff062f0000 - 0x00007fff062f8000 	C:\WINDOWS\System32\PSAPI.DLL
0x00007ffefdc30000 - 0x00007ffefdc4d000 	C:\WINDOWS\SYSTEM32\dhcpcsvc6.DLL
0x00007ffefdd80000 - 0x00007ffefdda5000 	C:\WINDOWS\SYSTEM32\dhcpcsvc.DLL
0x00007ffeadea0000 - 0x00007ffeadeae000 	C:\Users\mahes\.vscode\extensions\redhat.java-1.55.0-win32-x64\jre\21.0.11-win32-x86_64\bin\sunmscapi.dll
0x00007fff03ee0000 - 0x00007fff04058000 	C:\WINDOWS\System32\CRYPT32.dll
0x00007fff03650000 - 0x00007fff03680000 	C:\WINDOWS\SYSTEM32\ncrypt.dll
0x00007fff03600000 - 0x00007fff0363f000 	C:\WINDOWS\SYSTEM32\NTASN1.dll
0x00007fff02680000 - 0x00007fff027ca000 	C:\WINDOWS\SYSTEM32\DNSAPI.dll
0x00007fff02f70000 - 0x00007fff02f7d000 	C:\WINDOWS\SYSTEM32\DSPARSE.dll
0x00007ffefc0f0000 - 0x00007ffefc0fb000 	C:\Windows\System32\rasadhlp.dll
0x00007ffefdea0000 - 0x00007ffefdf26000 	C:\WINDOWS\System32\fwpuclnt.dll
0x00007ffeadb70000 - 0x00007ffeadb79000 	C:\Users\mahes\.vscode\extensions\redhat.java-1.55.0-win32-x64\jre\21.0.11-win32-x86_64\bin\extnet.dll

JVMTI agents:
c:\Users\mahes\.vscode\extensions\redhat.java-1.55.0-win32-x64\lombok\lombok-1.18.39-4050.jar path:c:\Users\mahes\.vscode\extensions\redhat.java-1.55.0-win32-x64\jre\21.0.11-win32-x86_64\bin\instrument.dll, loaded, initialized, instrumentlib options:none

dbghelp: loaded successfully - version: 4.0.5 - missing functions: none
symbol engine: initialized successfully - sym options: 0x614 - pdb path: .;c:\Users\mahes\.vscode\extensions\redhat.java-1.55.0-win32-x64\jre\21.0.11-win32-x86_64\bin;C:\WINDOWS\SYSTEM32;C:\WINDOWS\WinSxS\amd64_microsoft.windows.common-controls_6595b64144ccf1df_6.0.26100.8521_none_3e08b75ce33403b3;c:\Users\mahes\.vscode\extensions\redhat.java-1.55.0-win32-x64\jre\21.0.11-win32-x86_64\bin\server;C:\Users\mahes\AppData\Roaming\Code\User\globalStorage\redhat.java\1.55.0\config_win\org.eclipse.equinox.launcher\org.eclipse.equinox.launcher.win32.win32.x86_64_1.3.100.v20260613-0559;C:\Users\mahes\AppData\Local\Temp\jna-103656706

VM Arguments:
jvm_args: --add-modules=ALL-SYSTEM --add-opens=java.base/java.util=ALL-UNNAMED --add-opens=java.base/java.lang=ALL-UNNAMED --add-opens=java.base/sun.nio.fs=ALL-UNNAMED -Declipse.application=org.eclipse.jdt.ls.core.id1 -Dosgi.bundles.defaultStartLevel=4 -Declipse.product=org.eclipse.jdt.ls.core.product -Djava.import.generatesMetadataFilesAtProjectRoot=false -DDetectVMInstallationsJob.disabled=true -Dfile.encoding=utf8 -XX:+UseParallelGC -XX:GCTimeRatio=4 -XX:AdaptiveSizePolicyWeight=90 -Dsun.zip.disableMemoryMapping=true -Xmx2G -Xms100m -Xlog:disable -javaagent:c:\Users\mahes\.vscode\extensions\redhat.java-1.55.0-win32-x64\lombok\lombok-1.18.39-4050.jar -XX:+HeapDumpOnOutOfMemoryError -XX:HeapDumpPath=c:\Users\mahes\AppData\Roaming\Code\User\workspaceStorage\605bd8893ffb09657cd3a8513b094bb5\redhat.java -Daether.dependencyCollector.impl=bf 
java_command: c:\Users\mahes\.vscode\extensions\redhat.java-1.55.0-win32-x64\server\plugins\org.eclipse.equinox.launcher_1.7.200.v20260619-2039.jar -configuration c:\Users\mahes\AppData\Roaming\Code\User\globalStorage\redhat.java\1.55.0\config_win -data c:\Users\mahes\AppData\Roaming\Code\User\workspaceStorage\605bd8893ffb09657cd3a8513b094bb5\redhat.java\jdt_ws --pipe=\\.\pipe\lsp-e657bb769bc67fe7ac530e6cbbfb7279-sock
java_class_path (initial): c:\Users\mahes\.vscode\extensions\redhat.java-1.55.0-win32-x64\server\plugins\org.eclipse.equinox.launcher_1.7.200.v20260619-2039.jar
Launcher Type: SUN_STANDARD

[Global flags]
    uintx AdaptiveSizePolicyWeight                 = 90                                        {product} {command line}
     intx CICompilerCount                          = 12                                        {product} {ergonomic}
    uintx GCTimeRatio                              = 4                                         {product} {command line}
     bool HeapDumpOnOutOfMemoryError               = true                                   {manageable} {command line}
    ccstr HeapDumpPath                             = c:\Users\mahes\AppData\Roaming\Code\User\workspaceStorage\605bd8893ffb09657cd3a8513b094bb5\redhat.java         {manageable} {command line}
   size_t InitialHeapSize                          = 104857600                                 {product} {command line}
   size_t MaxHeapSize                              = 2147483648                                {product} {command line}
   size_t MaxNewSize                               = 715653120                                 {product} {ergonomic}
   size_t MinHeapDeltaBytes                        = 524288                                    {product} {ergonomic}
   size_t MinHeapSize                              = 104857600                                 {product} {command line}
   size_t NewSize                                  = 34603008                                  {product} {ergonomic}
    uintx NonNMethodCodeHeapSize                   = 7602480                                {pd product} {ergonomic}
    uintx NonProfiledCodeHeapSize                  = 122027880                              {pd product} {ergonomic}
   size_t OldSize                                  = 70254592                                  {product} {ergonomic}
    uintx ProfiledCodeHeapSize                     = 122027880                              {pd product} {ergonomic}
    uintx ReservedCodeCacheSize                    = 251658240                              {pd product} {ergonomic}
     bool SegmentedCodeCache                       = true                                      {product} {ergonomic}
   size_t SoftMaxHeapSize                          = 2147483648                             {manageable} {ergonomic}
     bool UseCompressedOops                        = true                           {product lp64_product} {ergonomic}
     bool UseLargePagesIndividualAllocation        = false                                  {pd product} {ergonomic}
     bool UseParallelGC                            = true                                      {product} {command line}

Logging:
Log output configuration:
 #0: stdout all=off uptime,level,tags foldmultilines=false
 #1: stderr all=off uptime,level,tags foldmultilines=false

Release file:
JAVA_VERSION="21.0.11" 
MODULES="java.base java.compiler java.datatransfer java.xml java.prefs java.desktop java.instrument java.logging java.management java.security.sasl java.naming java.rmi java.management.rmi java.net.http java.scripting java.security.jgss java.transaction.xa java.sql java.sql.rowset java.xml.crypto java.se java.smartcardio jdk.accessibility jdk.internal.jvmstat jdk.attach jdk.charsets jdk.internal.opt jdk.zipfs jdk.compiler jdk.crypto.ec jdk.crypto.cryptoki jdk.crypto.mscapi jdk.dynalink jdk.internal.ed jdk.editpad jdk.hotspot.agent jdk.httpserver jdk.internal.le jdk.internal.vm.ci jdk.internal.vm.compiler jdk.internal.vm.compiler.management jdk.jartool jdk.javadoc jdk.jcmd jdk.management jdk.management.agent jdk.jconsole jdk.jdeps jdk.jdwp.agent jdk.jdi jdk.jfr jdk.jshell jdk.jsobject jdk.jstatd jdk.localedata jdk.management.jfr jdk.naming.dns jdk.naming.rmi jdk.net jdk.nio.mapmode jdk.random jdk.sctp jdk.security.auth jdk.security.jgss jdk.unsupported jdk.unsupported.desktop jdk.xml.dom" 

Environment Variables:
JAVA_HOME=C:\Program Files\Java\jdk-22
PATH=C:\Program Files\Common Files\Oracle\Java\javapath;C:\Program Files (x86)\Common Files\Oracle\Java\javapath;C:\Python312\Scripts\;C:\Python312\;C:\Program Files\Microsoft\jdk-11.0.20.8-hotspot\bin;C:\WINDOWS\system32;C:\WINDOWS;C:\WINDOWS\System32\Wbem;C:\WINDOWS\System32\WindowsPowerShell\v1.0\;C:\WINDOWS\System32\OpenSSH\;C:\Program Files\dotnet\;C:\Program Files\nodejs\;C:\ProgramData\chocolatey\bin;C:\Program Files\Git\cmd;C:\Program Files\Java\jdk-22\bin;C:\Program Files (x86)\Microsoft SQL Server\170\Tools\Binn\;C:\Program Files\Microsoft SQL Server\170\Tools\Binn\;C:\Program Files\Microsoft SQL Server\Client SDK\ODBC\180\Tools\Binn\;C:\Program Files\Microsoft SQL Server\170\DTS\Binn\;C:\Program Files\Java\jdk-22\bin;C:\Users\mahes\AppData\Local\Programs\Microsoft VS Code\bin;C:\Users\mahes\AppData\Roaming\npm;
USERNAME=mahes
OS=Windows_NT
PROCESSOR_IDENTIFIER=Intel64 Family 6 Model 186 Stepping 2, GenuineIntel
TMP=C:\Users\mahes\AppData\Local\Temp
TEMP=C:\Users\mahes\AppData\Local\Temp




Periodic native trim disabled

---------------  S Y S T E M  ---------------

OS:
 Windows 11 , 64 bit Build 26100 (10.0.26100.8521)
OS uptime: 2 days 17:45 hours
Hyper-V role detected

CPU: total 16 (initial active 16) (8 cores per cpu, 2 threads per core) family 6 model 186 stepping 2 microcode 0x6134, cx8, cmov, fxsr, ht, mmx, 3dnowpref, sse, sse2, sse3, ssse3, sse4.1, sse4.2, popcnt, lzcnt, tsc, tscinvbit, avx, avx2, aes, erms, clmul, bmi1, bmi2, adx, sha, fma, vzeroupper, clflush, clflushopt, clwb, hv, serialize, rdtscp, rdpid, fsrm, f16c, cet_ibt, cet_ss
Processor Information for processor 0
  Max Mhz: 1900, Current Mhz: 1900, Mhz Limit: 1900
Processor Information for processor 1
  Max Mhz: 1900, Current Mhz: 1900, Mhz Limit: 1900
Processor Information for processor 2
  Max Mhz: 1900, Current Mhz: 1900, Mhz Limit: 1900
Processor Information for processor 3
  Max Mhz: 1900, Current Mhz: 1900, Mhz Limit: 1900
Processor Information for processor 4
  Max Mhz: 1900, Current Mhz: 1900, Mhz Limit: 1900
Processor Information for processor 5
  Max Mhz: 1900, Current Mhz: 1900, Mhz Limit: 1900
Processor Information for processor 6
  Max Mhz: 1900, Current Mhz: 1900, Mhz Limit: 1900
Processor Information for processor 7
  Max Mhz: 1900, Current Mhz: 1900, Mhz Limit: 1900
Processor Information for processor 8
  Max Mhz: 1900, Current Mhz: 1492, Mhz Limit: 1900
Processor Information for processor 9
  Max Mhz: 1900, Current Mhz: 1492, Mhz Limit: 1900
Processor Information for processor 10
  Max Mhz: 1900, Current Mhz: 1900, Mhz Limit: 1900
Processor Information for processor 11
  Max Mhz: 1900, Current Mhz: 1900, Mhz Limit: 1900
Processor Information for processor 12
  Max Mhz: 1900, Current Mhz: 1900, Mhz Limit: 1900
Processor Information for processor 13
  Max Mhz: 1900, Current Mhz: 1492, Mhz Limit: 1900
Processor Information for processor 14
  Max Mhz: 1900, Current Mhz: 1900, Mhz Limit: 1900
Processor Information for processor 15
  Max Mhz: 1900, Current Mhz: 1492, Mhz Limit: 1900

Memory: 4k page, system-wide physical 16068M (1099M free)
TotalPageFile size 55543M (AvailPageFile size 0M)
current process WorkingSet (physical memory assigned to process): 8M, peak: 868M
current process commit charge ("private bytes"): 873M, peak: 927M

vm_info: OpenJDK 64-Bit Server VM (21.0.11+10-LTS) for windows-amd64 JRE (21.0.11+10-LTS), built on 2026-04-21T00:00:00Z by "admin" with MS VC++ 17.12 (VS2022)

END.
