#
# There is insufficient memory for the Java Runtime Environment to continue.
# Native memory allocation (malloc) failed to allocate 1048576 bytes. Error detail: AllocateHeap
# Possible reasons:
#   The system is out of physical RAM or swap space
#   This process is running with CompressedOops enabled, and the Java Heap may be blocking the growth of the native heap
# Possible solutions:
#   Reduce memory load on the system
#   Increase physical memory or swap space
#   Check if swap backing store is full
#   Decrease Java heap size (-Xmx/-Xms)
#   Decrease number of Java threads
#   Decrease Java thread stack sizes (-Xss)
#   Set larger code cache with -XX:ReservedCodeCacheSize=
#   JVM is running with Zero Based Compressed Oops mode in which the Java heap is
#     placed in the first 32GB address space. The Java Heap base address is the
#     maximum limit for the native heap growth. Please use -XX:HeapBaseMinAddress
#     to set the Java Heap base and to place the Java Heap above 32GB virtual address.
# This output file may be truncated or incomplete.
#
#  Out of Memory Error (allocation.cpp:44), pid=27996, tid=32560
#
# JRE version: OpenJDK Runtime Environment Temurin-21.0.12.1+1 (21.0.12.1+1) (build 21.0.12.1+1-LTS)
# Java VM: OpenJDK 64-Bit Server VM Temurin-21.0.12.1+1 (21.0.12.1+1-LTS, mixed mode, sharing, tiered, compressed oops, compressed class ptrs, parallel gc, windows-amd64)
# No core dump will be written. Minidumps are not enabled by default on client versions of Windows
#

---------------  S U M M A R Y ------------

Command Line: --add-modules=ALL-SYSTEM --add-opens=java.base/java.util=ALL-UNNAMED --add-opens=java.base/java.lang=ALL-UNNAMED --add-opens=java.base/sun.nio.fs=ALL-UNNAMED -Declipse.application=org.eclipse.jdt.ls.core.id1 -Dosgi.bundles.defaultStartLevel=4 -Declipse.product=org.eclipse.jdt.ls.core.product -Djava.import.generatesMetadataFilesAtProjectRoot=false -Dm2e.project.cache.size=50 -DDetectVMInstallationsJob.disabled=true -Dfile.encoding=utf8 -XX:+UseParallelGC -XX:GCTimeRatio=4 -XX:AdaptiveSizePolicyWeight=90 -Dsun.zip.disableMemoryMapping=true -Xmx8G -Xms100m -Xlog:disable -javaagent:c:\Users\mahes\.vscode\extensions\redhat.java-1.56.0-win32-x64\lombok\lombok-1.18.39-4050.jar -XX:+HeapDumpOnOutOfMemoryError -XX:HeapDumpPath=c:\Users\mahes\AppData\Roaming\Code\User\workspaceStorage\605bd8893ffb09657cd3a8513b094bb5\redhat.java -Daether.dependencyCollector.impl=bf c:\Users\mahes\.vscode\extensions\redhat.java-1.56.0-win32-x64\server\plugins\org.eclipse.equinox.launcher_1.8.0.v20260804-1928.jar -configuration c:\Users\mahes\AppData\Roaming\Code\User\globalStorage\redhat.java\1.56.0\config_win -data c:\Users\mahes\AppData\Roaming\Code\User\workspaceStorage\605bd8893ffb09657cd3a8513b094bb5\redhat.java\jdt_ws --pipe=\\.\pipe\lsp-2011204048129fed40cb34bee7b6c344-sock

Host: 13th Gen Intel(R) Core(TM) i5-1340P, 16 cores, 15G,  Windows 11 , 64 bit Build 26100 (10.0.26100.9444)
Time: Tue Oct  6 16:02:50 2026 India Standard Time elapsed time: 19636.482251 seconds (0d 5h 27m 16s)

---------------  T H R E A D  ---------------

Current thread (0x000002224427d1a0):  JavaThread "Attach Listener" daemon [_thread_in_vm, id=32560, stack(0x00000041aeb00000,0x00000041aec00000) (1024K)]

Stack: [0x00000041aeb00000,0x00000041aec00000]
Native frames: (J=compiled Java code, j=interpreted, Vv=VM code, C=native code)
V  [jvm.dll+0x6d83e9]
V  [jvm.dll+0x8b5736]
V  [jvm.dll+0x8b7cee]
V  [jvm.dll+0x8b83d3]
V  [jvm.dll+0x284596]
V  [jvm.dll+0xc13c7]
V  [jvm.dll+0x6d8c99]
V  [jvm.dll+0x133616]
V  [jvm.dll+0x3f8aae]
V  [jvm.dll+0x8600cd]
V  [jvm.dll+0x6d6c1d]
C  [ucrtbase.dll+0x2cd30]
C  [KERNEL32.DLL+0x2cd87]
C  [ntdll.dll+0xacaec]


---------------  P R O C E S S  ---------------

Threads class SMR info:
_java_thread_list=0x0000022272f3e4e0, length=42, elements={
0x0000022244644460, 0x0000022244279400, 0x00000222446fe0d0, 0x000002224427d830,
0x000002224427d1a0, 0x000002224427ebe0, 0x000002224427dec0, 0x00000222442878f0,
0x000002226a4e5280, 0x000002224427e550, 0x000002224427f270, 0x000002224427ff90,
0x000002224427cb10, 0x000002224427f900, 0x0000022270994d50, 0x0000022270991f60,
0x00000222709925f0, 0x0000022270996100, 0x0000022270995a70, 0x00000222709974b0,
0x00000222709981d0, 0x0000022270998860, 0x00000222709953e0, 0x0000022270998ef0,
0x0000022270999580, 0x0000022270996790, 0x0000022272d81cc0, 0x0000022272d7fbf0,
0x0000022272d80280, 0x0000022272d80fa0, 0x0000022272d7e840, 0x0000022272d81630,
0x0000022272d80910, 0x0000022272d82350, 0x0000022272d7eed0, 0x0000022272d829e0,
0x0000022272d7f560, 0x0000022272d84ab0, 0x0000022272d84420, 0x0000022272d83700,
0x000002227ed18030, 0x000002227ed19a70
}

Java Threads: ( => current thread )
  0x0000022244644460 JavaThread "main"                              [_thread_blocked, id=28092, stack(0x00000041ae400000,0x00000041ae500000) (1024K)]
  0x0000022244279400 JavaThread "Reference Handler"          daemon [_thread_blocked, id=3256, stack(0x00000041ae800000,0x00000041ae900000) (1024K)]
  0x00000222446fe0d0 JavaThread "Finalizer"                  daemon [_thread_blocked, id=32032, stack(0x00000041ae900000,0x00000041aea00000) (1024K)]
  0x000002224427d830 JavaThread "Signal Dispatcher"          daemon [_thread_blocked, id=23276, stack(0x00000041aea00000,0x00000041aeb00000) (1024K)]
=>0x000002224427d1a0 JavaThread "Attach Listener"            daemon [_thread_in_vm, id=32560, stack(0x00000041aeb00000,0x00000041aec00000) (1024K)]
  0x000002224427ebe0 JavaThread "Service Thread"             daemon [_thread_blocked, id=33568, stack(0x00000041aec00000,0x00000041aed00000) (1024K)]
  0x000002224427dec0 JavaThread "Monitor Deflation Thread"   daemon [_thread_blocked, id=9404, stack(0x00000041aed00000,0x00000041aee00000) (1024K)]
  0x00000222442878f0 JavaThread "C2 CompilerThread0"         daemon [_thread_blocked, id=40596, stack(0x00000041aee00000,0x00000041aef00000) (1024K)]
  0x000002226a4e5280 JavaThread "C1 CompilerThread0"         daemon [_thread_blocked, id=19088, stack(0x00000041aef00000,0x00000041af000000) (1024K)]
  0x000002224427e550 JavaThread "Common-Cleaner"             daemon [_thread_blocked, id=30244, stack(0x00000041af100000,0x00000041af200000) (1024K)]
  0x000002224427f270 JavaThread "Notification Thread"        daemon [_thread_blocked, id=39896, stack(0x00000041af300000,0x00000041af400000) (1024K)]
  0x000002224427ff90 JavaThread "Active Thread: Equinox Container: d5e49410-1349-4550-9ac4-d09fb315f721"        [_thread_blocked, id=42936, stack(0x00000041af400000,0x00000041af500000) (1024K)]
  0x000002224427cb10 JavaThread "Refresh Thread: Equinox Container: d5e49410-1349-4550-9ac4-d09fb315f721" daemon [_thread_blocked, id=33872, stack(0x00000041afc00000,0x00000041afd00000) (1024K)]
  0x000002224427f900 JavaThread "Framework Event Dispatcher: Equinox Container: d5e49410-1349-4550-9ac4-d09fb315f721" daemon [_thread_blocked, id=42336, stack(0x00000041afd00000,0x00000041afe00000) (1024K)]
  0x0000022270994d50 JavaThread "Start Level: Equinox Container: d5e49410-1349-4550-9ac4-d09fb315f721" daemon [_thread_blocked, id=36560, stack(0x00000041afe00000,0x00000041aff00000) (1024K)]
  0x0000022270991f60 JavaThread "Bundle File Closer"         daemon [_thread_blocked, id=5248, stack(0x00000041b0300000,0x00000041b0400000) (1024K)]
  0x00000222709925f0 JavaThread "SCR Component Actor"        daemon [_thread_blocked, id=27572, stack(0x00000041aff00000,0x00000041b0000000) (1024K)]
  0x0000022270996100 JavaThread "Worker-JM"                         [_thread_blocked, id=30332, stack(0x00000041b0400000,0x00000041b0500000) (1024K)]
  0x0000022270995a70 JavaThread "JNA Cleaner"                daemon [_thread_blocked, id=23468, stack(0x00000041b0800000,0x00000041b0900000) (1024K)]
  0x00000222709974b0 JavaThread "Java indexing"              daemon [_thread_blocked, id=40736, stack(0x00000041b0e00000,0x00000041b0f00000) (1024K)]
  0x00000222709981d0 JavaThread "Thread-1"                   daemon [_thread_in_native, id=2328, stack(0x00000041b1300000,0x00000041b1400000) (1024K)]
  0x0000022270998860 JavaThread "Thread-2"                   daemon [_thread_in_native, id=33752, stack(0x00000041b1400000,0x00000041b1500000) (1024K)]
  0x00000222709953e0 JavaThread "Thread-3"                   daemon [_thread_in_native, id=5296, stack(0x00000041b1500000,0x00000041b1600000) (1024K)]
  0x0000022270998ef0 JavaThread "Thread-4"                   daemon [_thread_in_native, id=38952, stack(0x00000041b1600000,0x00000041b1700000) (1024K)]
  0x0000022270999580 JavaThread "Thread-5"                   daemon [_thread_in_native, id=42364, stack(0x00000041b1700000,0x00000041b1800000) (1024K)]
  0x0000022270996790 JavaThread "Thread-6"                   daemon [_thread_in_native, id=34852, stack(0x00000041b1800000,0x00000041b1900000) (1024K)]
  0x0000022272d81cc0 JavaThread "Thread-7"                   daemon [_thread_in_native, id=42188, stack(0x00000041b1900000,0x00000041b1a00000) (1024K)]
  0x0000022272d7fbf0 JavaThread "Thread-8"                   daemon [_thread_in_native, id=31452, stack(0x00000041b1a00000,0x00000041b1b00000) (1024K)]
  0x0000022272d80280 JavaThread "Thread-9"                   daemon [_thread_in_native, id=39356, stack(0x00000041b1b00000,0x00000041b1c00000) (1024K)]
  0x0000022272d80fa0 JavaThread "Thread-10"                  daemon [_thread_in_native, id=42356, stack(0x00000041b1c00000,0x00000041b1d00000) (1024K)]
  0x0000022272d7e840 JavaThread "Thread-11"                  daemon [_thread_in_native, id=42636, stack(0x00000041b1d00000,0x00000041b1e00000) (1024K)]
  0x0000022272d81630 JavaThread "Thread-12"                  daemon [_thread_in_native, id=27484, stack(0x00000041b1e00000,0x00000041b1f00000) (1024K)]
  0x0000022272d80910 JavaThread "Thread-13"                  daemon [_thread_in_native, id=1372, stack(0x00000041b1f00000,0x00000041b2000000) (1024K)]
  0x0000022272d82350 JavaThread "Thread-14"                  daemon [_thread_in_native, id=40664, stack(0x00000041b2000000,0x00000041b2100000) (1024K)]
  0x0000022272d7eed0 JavaThread "Thread-15"                  daemon [_thread_in_native, id=7968, stack(0x00000041b2100000,0x00000041b2200000) (1024K)]
  0x0000022272d829e0 JavaThread "Thread-16"                  daemon [_thread_in_native, id=10900, stack(0x00000041b2200000,0x00000041b2300000) (1024K)]
  0x0000022272d7f560 JavaThread "Thread-17"                  daemon [_thread_in_native, id=35128, stack(0x00000041b2300000,0x00000041b2400000) (1024K)]
  0x0000022272d84ab0 JavaThread "pool-2-thread-1"                   [_thread_blocked, id=42788, stack(0x00000041b2400000,0x00000041b2500000) (1024K)]
  0x0000022272d84420 JavaThread "WorkspaceEventsHandler"            [_thread_blocked, id=26860, stack(0x00000041b2600000,0x00000041b2700000) (1024K)]
  0x0000022272d83700 JavaThread "pool-1-thread-1"                   [_thread_blocked, id=39308, stack(0x00000041b2700000,0x00000041b2800000) (1024K)]
  0x000002227ed18030 JavaThread "Worker-13"                         [_thread_blocked, id=42068, stack(0x00000041ae100000,0x00000041ae200000) (1024K)]
  0x000002227ed19a70 JavaThread "Worker-15"                         [_thread_blocked, id=26816, stack(0x00000041ae200000,0x00000041ae300000) (1024K)]
Total: 42

Other Threads:
  0x00000222446e6890 VMThread "VM Thread"                           [id=31016, stack(0x00000041ae700000,0x00000041ae800000) (1024K)]
  0x000002224416ca00 WatcherThread "VM Periodic Task Thread"        [id=38148, stack(0x00000041ae600000,0x00000041ae700000) (1024K)]
  0x0000022244661750 WorkerThread "GC Thread#0"                     [id=30324, stack(0x00000041ae500000,0x00000041ae600000) (1024K)]
  0x000002227031eb10 WorkerThread "GC Thread#1"                     [id=15016, stack(0x00000041af500000,0x00000041af600000) (1024K)]
  0x000002227038cb20 WorkerThread "GC Thread#2"                     [id=34580, stack(0x00000041af600000,0x00000041af700000) (1024K)]
  0x000002227038ced0 WorkerThread "GC Thread#3"                     [id=40636, stack(0x00000041af700000,0x00000041af800000) (1024K)]
  0x000002227038e2c0 WorkerThread "GC Thread#4"                     [id=32632, stack(0x00000041af800000,0x00000041af900000) (1024K)]
  0x000002227038e670 WorkerThread "GC Thread#5"                     [id=42564, stack(0x00000041af900000,0x00000041afa00000) (1024K)]
  0x0000022270619040 WorkerThread "GC Thread#6"                     [id=29032, stack(0x00000041afa00000,0x00000041afb00000) (1024K)]
  0x0000022270617dd0 WorkerThread "GC Thread#7"                     [id=33044, stack(0x00000041afb00000,0x00000041afc00000) (1024K)]
  0x0000022270618530 WorkerThread "GC Thread#8"                     [id=6936, stack(0x00000041b0000000,0x00000041b0100000) (1024K)]
  0x0000022270617a20 WorkerThread "GC Thread#9"                     [id=41444, stack(0x00000041b0100000,0x00000041b0200000) (1024K)]
  0x0000022270618180 WorkerThread "GC Thread#10"                    [id=35548, stack(0x00000041b0200000,0x00000041b0300000) (1024K)]
  0x00000222706193f0 WorkerThread "GC Thread#11"                    [id=35100, stack(0x00000041b0500000,0x00000041b0600000) (1024K)]
  0x000002226a7ac750 WorkerThread "GC Thread#12"                    [id=40872, stack(0x00000041b0600000,0x00000041b0700000) (1024K)]
Total: 15

Threads with active compile tasks:
Total: 0

VM state: not at safepoint (normal execution)

VM Mutex/Monitor currently owned by a thread: None

Heap address: 0x0000000600000000, size: 8192 MB, Compressed Oops mode: Zero based, Oop shift amount: 3

CDS archive(s) mapped at: [0x0000022200000000-0x0000022200ba0000-0x0000022200ba0000), size 12189696, SharedBaseAddress: 0x0000022200000000, ArchiveRelocationMode: 1.
Compressed class space mapped at: 0x0000022201000000-0x0000022241000000, reserved size: 1073741824
Narrow klass base: 0x0000022200000000, Narrow klass shift: 0, Narrow klass range: 0x100000000

GC Precious Log:
 CardTable entry size: 512
 CPUs: 16 total, 16 available
 Memory: 16068M
 Large Page Support: Disabled
 NUMA Support: Disabled
 Compressed Oops: Enabled (Zero based)
 Alignments: Space 512K, Generation 512K, Heap 2M
 Heap Min Capacity: 100M
 Heap Initial Capacity: 100M
 Heap Max Capacity: 8G
 Pre-touch: Disabled
 Parallel Workers: 13

Heap:
 PSYoungGen      total 86016K, used 23391K [0x0000000755580000, 0x000000075d480000, 0x0000000800000000)
  eden space 80384K, 22% used [0x0000000755580000,0x00000007566daae8,0x000000075a400000)
  from space 5632K, 99% used [0x000000075b600000,0x000000075bb7d438,0x000000075bb80000)
  to   space 18432K, 0% used [0x000000075a400000,0x000000075a400000,0x000000075b600000)
 ParOldGen       total 1402368K, used 927537K [0x0000000600000000, 0x0000000655980000, 0x0000000755580000)
  object space 1402368K, 66% used [0x0000000600000000,0x00000006389cc7c8,0x0000000655980000)
 Metaspace       used 75373K, committed 77696K, reserved 1179648K
  class space    used 7740K, committed 8832K, reserved 1048576K

Card table byte_map: [0x0000022256840000,0x0000022257850000] _byte_map_base: 0x0000022253840000

Marking Bits: (ParMarkBitMap*) 0x00007ff94e2f44a0
 Begin Bits: [0x0000022258300000, 0x0000022260300000)
 End Bits:   [0x0000022260300000, 0x0000022268300000)

Polling page: 0x00000222422d0000

Metaspace:

Usage:
  Non-class:     66.05 MB used.
      Class:      7.56 MB used.
       Both:     73.61 MB used.

Virtual space:
  Non-class space:      128.00 MB reserved,      67.25 MB ( 53%) committed,  2 nodes.
      Class space:        1.00 GB reserved,       8.62 MB ( <1%) committed,  1 nodes.
             Both:        1.12 GB reserved,      75.88 MB (  7%) committed. 

Chunk freelists:
   Non-Class:  12.25 MB
       Class:  7.37 MB
        Both:  19.62 MB

MaxMetaspaceSize: unlimited
CompressedClassSpaceSize: 1.00 GB
Initial GC threshold: 21.00 MB
Current GC threshold: 125.62 MB
CDS: on
 - commit_granule_bytes: 65536.
 - commit_granule_words: 8192.
 - virtual_space_node_default_size: 8388608.
 - enlarge_chunks_in_place: 1.
 - use_allocation_guard: 0.


Internal statistics:

num_allocs_failed_limit: 9.
num_arena_births: 3140.
num_arena_deaths: 56.
num_vsnodes_births: 3.
num_vsnodes_deaths: 0.
num_space_committed: 1214.
num_space_uncommitted: 0.
num_chunks_returned_to_freelist: 75.
num_chunks_taken_from_freelist: 6640.
num_chunk_merges: 14.
num_chunk_splits: 4196.
num_chunks_enlarged: 2425.
num_inconsistent_stats: 0.

CodeHeap 'non-profiled nmethods': size=119168Kb used=21637Kb max_used=22196Kb free=97530Kb
 bounds [0x000002224f3e0000, 0x0000022250990000, 0x0000022256840000]
CodeHeap 'profiled nmethods': size=119104Kb used=44513Kb max_used=51106Kb free=74590Kb
 bounds [0x0000022247840000, 0x000002224aa30000, 0x000002224ec90000]
CodeHeap 'non-nmethods': size=7488Kb used=1480Kb max_used=3262Kb free=6007Kb
 bounds [0x000002224ec90000, 0x000002224efd0000, 0x000002224f3e0000]
CodeCache: size=245760Kb, used=67630Kb, max_used=76564Kb, free=178127Kb
 total_blobs=19143, nmethods=18349, adapters=698, full_count=0
Compilation: enabled, stopped_count=0, restarted_count=0

Compilation events (20 events):
Event: 11554.222 Thread 0x000002226a4e5280 22751   !   3       org.eclipse.osgi.storage.Storage::save0 (246 bytes)
Event: 11554.251 Thread 0x000002226a4e5280 nmethod 22751 0x0000022247d70290 code [0x0000022247d707a0, 0x0000022247d73428]
Event: 11567.684 Thread 0x00000222442878f0 22752       4       java.util.concurrent.locks.AbstractQueuedSynchronizer$ConditionObject::canReacquire (38 bytes)
Event: 11567.688 Thread 0x00000222442878f0 nmethod 22752 0x000002224fa74b90 code [0x000002224fa74d20, 0x000002224fa74e00]
Event: 17919.871 Thread 0x00000222442878f0 22753       4       java.lang.Math::min (12 bytes)
Event: 17919.888 Thread 0x00000222442878f0 nmethod 22753 0x000002224fa74890 code [0x000002224fa74a00, 0x000002224fa74a78]
Event: 17925.874 Thread 0x00000222442878f0 22754       4       java.util.concurrent.ScheduledThreadPoolExecutor::canRunInCurrentRunState (61 bytes)
Event: 17925.906 Thread 0x00000222442878f0 nmethod 22754 0x000002224fa74510 code [0x000002224fa746a0, 0x000002224fa74770]
Event: 18910.896 Thread 0x000002226a4e5280 22755       3       org.eclipse.core.internal.resources.Project::getProject (2 bytes)
Event: 18910.934 Thread 0x000002226a4e5280 nmethod 22755 0x0000022248fac210 code [0x0000022248fac3a0, 0x0000022248fac4b0]
Event: 18923.586 Thread 0x00000222442878f0 22756       4       org.eclipse.core.runtime.Path::isValidSegment (20 bytes)
Event: 18923.592 Thread 0x000002226a4e5280 22757       1       org.eclipse.jdt.ls.core.internal.preferences.PreferenceManager::getPreferences (5 bytes)
Event: 18923.607 Thread 0x000002226a4e5280 nmethod 22757 0x000002224fa74210 code [0x000002224fa743a0, 0x000002224fa74470]
Event: 18923.607 Thread 0x000002226a4e5280 22758       1       org.eclipse.core.internal.resources.WorkspaceRoot::getProject (2 bytes)
Event: 18923.608 Thread 0x000002226a4e5280 nmethod 22758 0x000002224fa73c90 code [0x000002224fa73e20, 0x000002224fa73ef0]
Event: 18923.641 Thread 0x00000222442878f0 nmethod 22756 0x000002224f92f810 code [0x000002224f92f9c0, 0x000002224f92fbb0]
Event: 18951.550 Thread 0x00000222442878f0 22759       4       org.eclipse.core.runtime.Assert::isNotNull (19 bytes)
Event: 18951.554 Thread 0x00000222442878f0 nmethod 22759 0x000002224f92f510 code [0x000002224f92f6a0, 0x000002224f92f728]
Event: 19487.113 Thread 0x000002226a4e5280 22760   !   3       jdk.internal.ref.PhantomCleanable::isListEmpty (34 bytes)
Event: 19487.240 Thread 0x000002226a4e5280 nmethod 22760 0x00000222498b6a10 code [0x00000222498b6bc0, 0x00000222498b6e20]

GC Heap History (20 events):
Event: 10841.257 GC heap before
{Heap before GC invocations=1702 (full 5):
 PSYoungGen      total 88576K, used 88571K [0x0000000755580000, 0x000000075cc80000, 0x0000000800000000)
  eden space 79360K, 100% used [0x0000000755580000,0x000000075a300000,0x000000075a300000)
  from space 9216K, 99% used [0x000000075c380000,0x000000075cc7ef60,0x000000075cc80000)
  to   space 9728K, 0% used [0x000000075b980000,0x000000075b980000,0x000000075c300000)
 ParOldGen       total 1402368K, used 816363K [0x0000000600000000, 0x0000000655980000, 0x0000000755580000)
  object space 1402368K, 58% used [0x0000000600000000,0x0000000631d3ad18,0x0000000655980000)
 Metaspace       used 75344K, committed 77696K, reserved 1179648K
  class space    used 7740K, committed 8832K, reserved 1048576K
}
Event: 10841.349 GC heap after
{Heap after GC invocations=1702 (full 5):
 PSYoungGen      total 86528K, used 9705K [0x0000000755580000, 0x000000075cc80000, 0x0000000800000000)
  eden space 76800K, 0% used [0x0000000755580000,0x0000000755580000,0x000000075a080000)
  from space 9728K, 99% used [0x000000075b980000,0x000000075c2fa478,0x000000075c300000)
  to   space 9728K, 0% used [0x000000075c300000,0x000000075c300000,0x000000075cc80000)
 ParOldGen       total 1402368K, used 826819K [0x0000000600000000, 0x0000000655980000, 0x0000000755580000)
  object space 1402368K, 58% used [0x0000000600000000,0x0000000632770f90,0x0000000655980000)
 Metaspace       used 75344K, committed 77696K, reserved 1179648K
  class space    used 7740K, committed 8832K, reserved 1048576K
}
Event: 10841.526 GC heap before
{Heap before GC invocations=1703 (full 5):
 PSYoungGen      total 86528K, used 86505K [0x0000000755580000, 0x000000075cc80000, 0x0000000800000000)
  eden space 76800K, 100% used [0x0000000755580000,0x000000075a080000,0x000000075a080000)
  from space 9728K, 99% used [0x000000075b980000,0x000000075c2fa478,0x000000075c300000)
  to   space 9728K, 0% used [0x000000075c300000,0x000000075c300000,0x000000075cc80000)
 ParOldGen       total 1402368K, used 826819K [0x0000000600000000, 0x0000000655980000, 0x0000000755580000)
  object space 1402368K, 58% used [0x0000000600000000,0x0000000632770f90,0x0000000655980000)
 Metaspace       used 75346K, committed 77696K, reserved 1179648K
  class space    used 7740K, committed 8832K, reserved 1048576K
}
Event: 10841.579 GC heap after
{Heap after GC invocations=1703 (full 5):
 PSYoungGen      total 83968K, used 9716K [0x0000000755580000, 0x000000075cc80000, 0x0000000800000000)
  eden space 74240K, 0% used [0x0000000755580000,0x0000000755580000,0x0000000759e00000)
  from space 9728K, 99% used [0x000000075c300000,0x000000075cc7d118,0x000000075cc80000)
  to   space 22528K, 0% used [0x000000075a080000,0x000000075a080000,0x000000075b680000)
 ParOldGen       total 1402368K, used 838450K [0x0000000600000000, 0x0000000655980000, 0x0000000755580000)
  object space 1402368K, 59% used [0x0000000600000000,0x00000006332cc878,0x0000000655980000)
 Metaspace       used 75346K, committed 77696K, reserved 1179648K
  class space    used 7740K, committed 8832K, reserved 1048576K
}
Event: 10841.840 GC heap before
{Heap before GC invocations=1704 (full 5):
 PSYoungGen      total 83968K, used 83956K [0x0000000755580000, 0x000000075cc80000, 0x0000000800000000)
  eden space 74240K, 100% used [0x0000000755580000,0x0000000759e00000,0x0000000759e00000)
  from space 9728K, 99% used [0x000000075c300000,0x000000075cc7d118,0x000000075cc80000)
  to   space 22528K, 0% used [0x000000075a080000,0x000000075a080000,0x000000075b680000)
 ParOldGen       total 1402368K, used 838450K [0x0000000600000000, 0x0000000655980000, 0x0000000755580000)
  object space 1402368K, 59% used [0x0000000600000000,0x00000006332cc878,0x0000000655980000)
 Metaspace       used 75347K, committed 77696K, reserved 1179648K
  class space    used 7740K, committed 8832K, reserved 1048576K
}
Event: 10841.881 GC heap after
{Heap after GC invocations=1704 (full 5):
 PSYoungGen      total 86016K, used 14171K [0x0000000755580000, 0x000000075c380000, 0x0000000800000000)
  eden space 71680K, 0% used [0x0000000755580000,0x0000000755580000,0x0000000759b80000)
  from space 14336K, 98% used [0x000000075a080000,0x000000075ae56da8,0x000000075ae80000)
  to   space 16896K, 0% used [0x000000075b300000,0x000000075b300000,0x000000075c380000)
 ParOldGen       total 1402368K, used 853234K [0x0000000600000000, 0x0000000655980000, 0x0000000755580000)
  object space 1402368K, 60% used [0x0000000600000000,0x000000063413c838,0x0000000655980000)
 Metaspace       used 75347K, committed 77696K, reserved 1179648K
  class space    used 7740K, committed 8832K, reserved 1048576K
}
Event: 10842.293 GC heap before
{Heap before GC invocations=1705 (full 5):
 PSYoungGen      total 86016K, used 85851K [0x0000000755580000, 0x000000075c380000, 0x0000000800000000)
  eden space 71680K, 100% used [0x0000000755580000,0x0000000759b80000,0x0000000759b80000)
  from space 14336K, 98% used [0x000000075a080000,0x000000075ae56da8,0x000000075ae80000)
  to   space 16896K, 0% used [0x000000075b300000,0x000000075b300000,0x000000075c380000)
 ParOldGen       total 1402368K, used 853234K [0x0000000600000000, 0x0000000655980000, 0x0000000755580000)
  object space 1402368K, 60% used [0x0000000600000000,0x000000063413c838,0x0000000655980000)
 Metaspace       used 75347K, committed 77696K, reserved 1179648K
  class space    used 7740K, committed 8832K, reserved 1048576K
}
Event: 10842.467 GC heap after
{Heap after GC invocations=1705 (full 5):
 PSYoungGen      total 69632K, used 16865K [0x0000000755580000, 0x000000075ed00000, 0x0000000800000000)
  eden space 52736K, 0% used [0x0000000755580000,0x0000000755580000,0x0000000758900000)
  from space 16896K, 99% used [0x000000075b300000,0x000000075c378448,0x000000075c380000)
  to   space 43008K, 0% used [0x0000000758900000,0x0000000758900000,0x000000075b300000)
 ParOldGen       total 1402368K, used 874737K [0x0000000600000000, 0x0000000655980000, 0x0000000755580000)
  object space 1402368K, 62% used [0x0000000600000000,0x000000063563c7c8,0x0000000655980000)
 Metaspace       used 75347K, committed 77696K, reserved 1179648K
  class space    used 7740K, committed 8832K, reserved 1048576K
}
Event: 10842.554 GC heap before
{Heap before GC invocations=1706 (full 5):
 PSYoungGen      total 69632K, used 69601K [0x0000000755580000, 0x000000075ed00000, 0x0000000800000000)
  eden space 52736K, 100% used [0x0000000755580000,0x0000000758900000,0x0000000758900000)
  from space 16896K, 99% used [0x000000075b300000,0x000000075c378448,0x000000075c380000)
  to   space 43008K, 0% used [0x0000000758900000,0x0000000758900000,0x000000075b300000)
 ParOldGen       total 1402368K, used 874737K [0x0000000600000000, 0x0000000655980000, 0x0000000755580000)
  object space 1402368K, 62% used [0x0000000600000000,0x000000063563c7c8,0x0000000655980000)
 Metaspace       used 75347K, committed 77696K, reserved 1179648K
  class space    used 7740K, committed 8832K, reserved 1048576K
}
Event: 10842.634 GC heap after
{Heap after GC invocations=1706 (full 5):
 PSYoungGen      total 60416K, used 7437K [0x0000000755580000, 0x000000075b880000, 0x0000000800000000)
  eden space 52736K, 0% used [0x0000000755580000,0x0000000755580000,0x0000000758900000)
  from space 7680K, 96% used [0x0000000758900000,0x00000007590434c0,0x0000000759080000)
  to   space 18944K, 0% used [0x000000075a600000,0x000000075a600000,0x000000075b880000)
 ParOldGen       total 1402368K, used 892520K [0x0000000600000000, 0x0000000655980000, 0x0000000755580000)
  object space 1402368K, 63% used [0x0000000600000000,0x000000063679a390,0x0000000655980000)
 Metaspace       used 75347K, committed 77696K, reserved 1179648K
  class space    used 7740K, committed 8832K, reserved 1048576K
}
Event: 10842.738 GC heap before
{Heap before GC invocations=1707 (full 5):
 PSYoungGen      total 60416K, used 59940K [0x0000000755580000, 0x000000075b880000, 0x0000000800000000)
  eden space 52736K, 99% used [0x0000000755580000,0x00000007588c5dc8,0x0000000758900000)
  from space 7680K, 96% used [0x0000000758900000,0x00000007590434c0,0x0000000759080000)
  to   space 18944K, 0% used [0x000000075a600000,0x000000075a600000,0x000000075b880000)
 ParOldGen       total 1402368K, used 892520K [0x0000000600000000, 0x0000000655980000, 0x0000000755580000)
  object space 1402368K, 63% used [0x0000000600000000,0x000000063679a390,0x0000000655980000)
 Metaspace       used 75347K, committed 77696K, reserved 1179648K
  class space    used 7740K, committed 8832K, reserved 1048576K
}
Event: 10842.765 GC heap after
{Heap after GC invocations=1707 (full 5):
 PSYoungGen      total 69120K, used 5474K [0x0000000755580000, 0x000000075ab80000, 0x0000000800000000)
  eden space 63488K, 0% used [0x0000000755580000,0x0000000755580000,0x0000000759380000)
  from space 5632K, 97% used [0x000000075a600000,0x000000075ab58bf0,0x000000075ab80000)
  to   space 8192K, 0% used [0x0000000759b80000,0x0000000759b80000,0x000000075a380000)
 ParOldGen       total 1402368K, used 899621K [0x0000000600000000, 0x0000000655980000, 0x0000000755580000)
  object space 1402368K, 64% used [0x0000000600000000,0x0000000636e89418,0x0000000655980000)
 Metaspace       used 75347K, committed 77696K, reserved 1179648K
  class space    used 7740K, committed 8832K, reserved 1048576K
}
Event: 10842.834 GC heap before
{Heap before GC invocations=1708 (full 5):
 PSYoungGen      total 69120K, used 68962K [0x0000000755580000, 0x000000075ab80000, 0x0000000800000000)
  eden space 63488K, 100% used [0x0000000755580000,0x0000000759380000,0x0000000759380000)
  from space 5632K, 97% used [0x000000075a600000,0x000000075ab58bf0,0x000000075ab80000)
  to   space 8192K, 0% used [0x0000000759b80000,0x0000000759b80000,0x000000075a380000)
 ParOldGen       total 1402368K, used 899621K [0x0000000600000000, 0x0000000655980000, 0x0000000755580000)
  object space 1402368K, 64% used [0x0000000600000000,0x0000000636e89418,0x0000000655980000)
 Metaspace       used 75347K, committed 77696K, reserved 1179648K
  class space    used 7740K, committed 8832K, reserved 1048576K
}
Event: 10842.853 GC heap after
{Heap after GC invocations=1708 (full 5):
 PSYoungGen      total 79872K, used 5976K [0x0000000755580000, 0x000000075ad00000, 0x0000000800000000)
  eden space 71680K, 0% used [0x0000000755580000,0x0000000755580000,0x0000000759b80000)
  from space 8192K, 72% used [0x0000000759b80000,0x000000075a1560f8,0x000000075a380000)
  to   space 6656K, 0% used [0x000000075a680000,0x000000075a680000,0x000000075ad00000)
 ParOldGen       total 1402368K, used 904792K [0x0000000600000000, 0x0000000655980000, 0x0000000755580000)
  object space 1402368K, 64% used [0x0000000600000000,0x0000000637396088,0x0000000655980000)
 Metaspace       used 75347K, committed 77696K, reserved 1179648K
  class space    used 7740K, committed 8832K, reserved 1048576K
}
Event: 10842.937 GC heap before
{Heap before GC invocations=1709 (full 5):
 PSYoungGen      total 79872K, used 77656K [0x0000000755580000, 0x000000075ad00000, 0x0000000800000000)
  eden space 71680K, 100% used [0x0000000755580000,0x0000000759b80000,0x0000000759b80000)
  from space 8192K, 72% used [0x0000000759b80000,0x000000075a1560f8,0x000000075a380000)
  to   space 6656K, 0% used [0x000000075a680000,0x000000075a680000,0x000000075ad00000)
 ParOldGen       total 1402368K, used 904792K [0x0000000600000000, 0x0000000655980000, 0x0000000755580000)
  object space 1402368K, 64% used [0x0000000600000000,0x0000000637396088,0x0000000655980000)
 Metaspace       used 75347K, committed 77696K, reserved 1179648K
  class space    used 7740K, committed 8832K, reserved 1048576K
}
Event: 10842.957 GC heap after
{Heap after GC invocations=1709 (full 5):
 PSYoungGen      total 83968K, used 5373K [0x0000000755580000, 0x000000075b480000, 0x0000000800000000)
  eden space 77312K, 0% used [0x0000000755580000,0x0000000755580000,0x000000075a100000)
  from space 6656K, 80% used [0x000000075a680000,0x000000075abbf5d8,0x000000075ad00000)
  to   space 5632K, 0% used [0x000000075a100000,0x000000075a100000,0x000000075a680000)
 ParOldGen       total 1402368K, used 911662K [0x0000000600000000, 0x0000000655980000, 0x0000000755580000)
  object space 1402368K, 65% used [0x0000000600000000,0x0000000637a4bab0,0x0000000655980000)
 Metaspace       used 75347K, committed 77696K, reserved 1179648K
  class space    used 7740K, committed 8832K, reserved 1048576K
}
Event: 10843.062 GC heap before
{Heap before GC invocations=1710 (full 5):
 PSYoungGen      total 83968K, used 82685K [0x0000000755580000, 0x000000075b480000, 0x0000000800000000)
  eden space 77312K, 100% used [0x0000000755580000,0x000000075a100000,0x000000075a100000)
  from space 6656K, 80% used [0x000000075a680000,0x000000075abbf5d8,0x000000075ad00000)
  to   space 5632K, 0% used [0x000000075a100000,0x000000075a100000,0x000000075a680000)
 ParOldGen       total 1402368K, used 911662K [0x0000000600000000, 0x0000000655980000, 0x0000000755580000)
  object space 1402368K, 65% used [0x0000000600000000,0x0000000637a4bab0,0x0000000655980000)
 Metaspace       used 75349K, committed 77696K, reserved 1179648K
  class space    used 7740K, committed 8832K, reserved 1048576K
}
Event: 10843.083 GC heap after
{Heap after GC invocations=1710 (full 5):
 PSYoungGen      total 82944K, used 5367K [0x0000000755580000, 0x000000075bb80000, 0x0000000800000000)
  eden space 77312K, 0% used [0x0000000755580000,0x0000000755580000,0x000000075a100000)
  from space 5632K, 95% used [0x000000075a100000,0x000000075a63df60,0x000000075a680000)
  to   space 5632K, 0% used [0x000000075b600000,0x000000075b600000,0x000000075bb80000)
 ParOldGen       total 1402368K, used 916844K [0x0000000600000000, 0x0000000655980000, 0x0000000755580000)
  object space 1402368K, 65% used [0x0000000600000000,0x0000000637f5b088,0x0000000655980000)
 Metaspace       used 75349K, committed 77696K, reserved 1179648K
  class space    used 7740K, committed 8832K, reserved 1048576K
}
Event: 10843.204 GC heap before
{Heap before GC invocations=1711 (full 5):
 PSYoungGen      total 82944K, used 82679K [0x0000000755580000, 0x000000075bb80000, 0x0000000800000000)
  eden space 77312K, 100% used [0x0000000755580000,0x000000075a100000,0x000000075a100000)
  from space 5632K, 95% used [0x000000075a100000,0x000000075a63df60,0x000000075a680000)
  to   space 5632K, 0% used [0x000000075b600000,0x000000075b600000,0x000000075bb80000)
 ParOldGen       total 1402368K, used 916844K [0x0000000600000000, 0x0000000655980000, 0x0000000755580000)
  object space 1402368K, 65% used [0x0000000600000000,0x0000000637f5b088,0x0000000655980000)
 Metaspace       used 75349K, committed 77696K, reserved 1179648K
  class space    used 7740K, committed 8832K, reserved 1048576K
}
Event: 10843.238 GC heap after
{Heap after GC invocations=1711 (full 5):
 PSYoungGen      total 86016K, used 5621K [0x0000000755580000, 0x000000075d480000, 0x0000000800000000)
  eden space 80384K, 0% used [0x0000000755580000,0x0000000755580000,0x000000075a400000)
  from space 5632K, 99% used [0x000000075b600000,0x000000075bb7d438,0x000000075bb80000)
  to   space 18432K, 0% used [0x000000075a400000,0x000000075a400000,0x000000075b600000)
 ParOldGen       total 1402368K, used 927537K [0x0000000600000000, 0x0000000655980000, 0x0000000755580000)
  object space 1402368K, 66% used [0x0000000600000000,0x00000006389cc7c8,0x0000000655980000)
 Metaspace       used 75349K, committed 77696K, reserved 1179648K
  class space    used 7740K, committed 8832K, reserved 1048576K
}

Dll operation events (20 events):
Event: 0.162 Attempting to load shared library C:\Users\mahes\.vscode\extensions\redhat.java-1.56.0-win32-x64\jre\21.0.12.1-win32-x86_64\bin\instrument.dll
Event: 0.162 Loaded shared library C:\Users\mahes\.vscode\extensions\redhat.java-1.56.0-win32-x64\jre\21.0.12.1-win32-x86_64\bin\instrument.dll
Event: 0.168 Attempting to load shared library C:\Users\mahes\.vscode\extensions\redhat.java-1.56.0-win32-x64\jre\21.0.12.1-win32-x86_64\bin\net.dll
Event: 0.169 Loaded shared library C:\Users\mahes\.vscode\extensions\redhat.java-1.56.0-win32-x64\jre\21.0.12.1-win32-x86_64\bin\net.dll
Event: 0.171 Attempting to load shared library C:\Users\mahes\.vscode\extensions\redhat.java-1.56.0-win32-x64\jre\21.0.12.1-win32-x86_64\bin\nio.dll
Event: 0.172 Loaded shared library C:\Users\mahes\.vscode\extensions\redhat.java-1.56.0-win32-x64\jre\21.0.12.1-win32-x86_64\bin\nio.dll
Event: 0.177 Attempting to load shared library C:\Users\mahes\.vscode\extensions\redhat.java-1.56.0-win32-x64\jre\21.0.12.1-win32-x86_64\bin\zip.dll
Event: 0.177 Loaded shared library C:\Users\mahes\.vscode\extensions\redhat.java-1.56.0-win32-x64\jre\21.0.12.1-win32-x86_64\bin\zip.dll
Event: 0.202 Attempting to load shared library C:\Users\mahes\.vscode\extensions\redhat.java-1.56.0-win32-x64\jre\21.0.12.1-win32-x86_64\bin\jimage.dll
Event: 0.202 Loaded shared library C:\Users\mahes\.vscode\extensions\redhat.java-1.56.0-win32-x64\jre\21.0.12.1-win32-x86_64\bin\jimage.dll
Event: 0.297 Attempting to load shared library c:\Users\mahes\.vscode\extensions\redhat.java-1.56.0-win32-x64\jre\21.0.12.1-win32-x86_64\bin\verify.dll
Event: 0.298 Loaded shared library c:\Users\mahes\.vscode\extensions\redhat.java-1.56.0-win32-x64\jre\21.0.12.1-win32-x86_64\bin\verify.dll
Event: 1.776 Attempting to load shared library C:\Users\mahes\AppData\Roaming\Code\User\globalStorage\redhat.java\1.56.0\config_win\org.eclipse.equinox.launcher\org.eclipse.equinox.launcher.win32.win32.x86_64_1.3.100.v20260804-1928\eclipse_11924.dll
Event: 1.783 Loaded shared library C:\Users\mahes\AppData\Roaming\Code\User\globalStorage\redhat.java\1.56.0\config_win\org.eclipse.equinox.launcher\org.eclipse.equinox.launcher.win32.win32.x86_64_1.3.100.v20260804-1928\eclipse_11924.dll
Event: 8.228 Attempting to load shared library C:\Users\mahes\AppData\Local\Temp\jna-103656706\jna3081072558816014268.dll
Event: 8.244 Loaded shared library C:\Users\mahes\AppData\Local\Temp\jna-103656706\jna3081072558816014268.dll
Event: 16.824 Attempting to load shared library C:\Users\mahes\.vscode\extensions\redhat.java-1.56.0-win32-x64\jre\21.0.12.1-win32-x86_64\bin\sunmscapi.dll
Event: 16.830 Loaded shared library C:\Users\mahes\.vscode\extensions\redhat.java-1.56.0-win32-x64\jre\21.0.12.1-win32-x86_64\bin\sunmscapi.dll
Event: 17.080 Attempting to load shared library C:\Users\mahes\.vscode\extensions\redhat.java-1.56.0-win32-x64\jre\21.0.12.1-win32-x86_64\bin\extnet.dll
Event: 17.083 Loaded shared library C:\Users\mahes\.vscode\extensions\redhat.java-1.56.0-win32-x64\jre\21.0.12.1-win32-x86_64\bin\extnet.dll

Deoptimization events (20 events):
Event: 10841.985 Thread 0x000002227ed15f60 Uncommon trap: trap_request=0xffffffde fr.pc=0x000002224fb1d1d0 relative=0x0000000000002510
Event: 10841.986 Thread 0x000002227ed15f60 Uncommon trap: reason=class_check action=maybe_recompile pc=0x000002224fb1d1d0 method=org.eclipse.jdt.internal.compiler.lookup.Scope.getPackage([[C)Lorg/eclipse/jdt/internal/compiler/lookup/Binding; @ 113 c2
Event: 10841.986 Thread 0x000002227ed15f60 DEOPT PACKING pc=0x000002224fb1d1d0 sp=0x00000041af2fe720
Event: 10841.986 Thread 0x000002227ed15f60 DEOPT UNPACKING pc=0x000002224ece3aa2 sp=0x00000041af2fe670 mode 2
Event: 10841.987 Thread 0x000002227ed15f60 Uncommon trap: trap_request=0xffffffde fr.pc=0x000002225055c9e8 relative=0x0000000000003a48
Event: 10841.987 Thread 0x000002227ed15f60 Uncommon trap: reason=class_check action=maybe_recompile pc=0x000002225055c9e8 method=org.eclipse.jdt.internal.compiler.lookup.Scope.getTypeOrPackage([CIZ)Lorg/eclipse/jdt/internal/compiler/lookup/Binding; @ 970 c2
Event: 10841.987 Thread 0x000002227ed15f60 DEOPT PACKING pc=0x000002225055c9e8 sp=0x00000041af2fe5c0
Event: 10841.987 Thread 0x000002227ed15f60 DEOPT UNPACKING pc=0x000002224ece3aa2 sp=0x00000041af2fe5a8 mode 2
Event: 10841.987 Thread 0x000002227ed15f60 Uncommon trap: trap_request=0xffffffde fr.pc=0x000002225092fe20 relative=0x00000000000005c0
Event: 10841.987 Thread 0x000002227ed15f60 Uncommon trap: reason=class_check action=maybe_recompile pc=0x000002225092fe20 method=org.eclipse.jdt.internal.compiler.lookup.Scope.getTypeOrPackage([[C)Lorg/eclipse/jdt/internal/compiler/lookup/Binding; @ 48 c2
Event: 10841.987 Thread 0x000002227ed15f60 DEOPT PACKING pc=0x000002225092fe20 sp=0x00000041af2fe6d0
Event: 10841.987 Thread 0x000002227ed15f60 DEOPT UNPACKING pc=0x000002224ece3aa2 sp=0x00000041af2fe660 mode 2
Event: 10841.996 Thread 0x000002227ed15f60 Uncommon trap: trap_request=0xffffff6e fr.pc=0x000002224f992958 relative=0x00000000000016f8
Event: 10841.996 Thread 0x000002227ed15f60 Uncommon trap: reason=loop_limit_check action=maybe_recompile pc=0x000002224f992958 method=org.eclipse.jdt.internal.compiler.lookup.MethodVerifier15.checkMethods()V @ 1142 c2
Event: 10841.996 Thread 0x000002227ed15f60 DEOPT PACKING pc=0x000002224f992958 sp=0x00000041af2fde50
Event: 10841.997 Thread 0x000002227ed15f60 DEOPT UNPACKING pc=0x000002224ece3aa2 sp=0x00000041af2fde08 mode 2
Event: 11019.601 Thread 0x0000022272d83700 Uncommon trap: trap_request=0xffffffde fr.pc=0x000002225066c0ec relative=0x000000000000154c
Event: 11019.601 Thread 0x0000022272d83700 Uncommon trap: reason=class_check action=maybe_recompile pc=0x000002225066c0ec method=org.eclipse.jdt.internal.core.JavaModelCache.peekAtInfo(Lorg/eclipse/jdt/core/IJavaElement;)Lorg/eclipse/jdt/internal/compiler/env/IElementInfo; @ 106 c2
Event: 11019.601 Thread 0x0000022272d83700 DEOPT PACKING pc=0x000002225066c0ec sp=0x00000041b27fe590
Event: 11019.601 Thread 0x0000022272d83700 DEOPT UNPACKING pc=0x000002224ece3aa2 sp=0x00000041b27fe568 mode 2

Classes loaded (20 events):
Event: 350.127 Loading class java/util/stream/Nodes$CollectorTask done
Event: 350.127 Loading class java/util/stream/Nodes$CollectorTask$OfRef done
Event: 350.138 Loading class java/util/function/LongFunction
Event: 350.140 Loading class java/util/function/LongFunction done
Event: 350.143 Loading class java/util/stream/Nodes$ConcNode
Event: 350.148 Loading class java/util/stream/Nodes$AbstractConcNode
Event: 350.153 Loading class java/util/stream/Nodes$AbstractConcNode done
Event: 350.153 Loading class java/util/stream/Nodes$ConcNode done
Event: 350.287 Loading class java/io/ObjectOutputStream$BlockDataOutputStream
Event: 350.290 Loading class java/io/ObjectOutputStream$BlockDataOutputStream done
Event: 350.290 Loading class java/io/ObjectOutputStream$HandleTable
Event: 350.290 Loading class java/io/ObjectOutputStream$HandleTable done
Event: 350.291 Loading class java/io/ObjectOutputStream$ReplaceTable
Event: 350.292 Loading class java/io/ObjectOutputStream$ReplaceTable done
Event: 1373.057 Loading class java/util/stream/DistinctOps
Event: 1373.058 Loading class java/util/stream/DistinctOps done
Event: 1373.058 Loading class java/util/stream/DistinctOps$1
Event: 1373.062 Loading class java/util/stream/DistinctOps$1 done
Event: 1373.085 Loading class java/util/stream/DistinctOps$1$2
Event: 1373.086 Loading class java/util/stream/DistinctOps$1$2 done

Classes unloaded (20 events):
Event: 15.849 Thread 0x00000222446e6890 Unloading class 0x00000222012d6000 'java/lang/invoke/LambdaForm$MH+0x00000222012d6000'
Event: 15.849 Thread 0x00000222446e6890 Unloading class 0x00000222012d5800 'java/lang/invoke/LambdaForm$MH+0x00000222012d5800'
Event: 15.849 Thread 0x00000222446e6890 Unloading class 0x00000222012d4c00 'java/lang/invoke/LambdaForm$MH+0x00000222012d4c00'
Event: 15.849 Thread 0x00000222446e6890 Unloading class 0x00000222012d1400 'java/lang/invoke/LambdaForm$MH+0x00000222012d1400'
Event: 15.849 Thread 0x00000222446e6890 Unloading class 0x00000222012d0400 'java/lang/invoke/LambdaForm$MH+0x00000222012d0400'
Event: 15.849 Thread 0x00000222446e6890 Unloading class 0x00000222012c9800 'java/lang/invoke/LambdaForm$MH+0x00000222012c9800'
Event: 15.849 Thread 0x00000222446e6890 Unloading class 0x00000222012c9400 'java/lang/invoke/LambdaForm$MH+0x00000222012c9400'
Event: 81.075 Thread 0x00000222446e6890 Unloading class 0x000002220176d800 'java/lang/invoke/LambdaForm$MH+0x000002220176d800'
Event: 81.075 Thread 0x00000222446e6890 Unloading class 0x000002220176d000 'java/lang/invoke/LambdaForm$MH+0x000002220176d000'
Event: 81.075 Thread 0x00000222446e6890 Unloading class 0x000002220176cc00 'java/lang/invoke/LambdaForm$MH+0x000002220176cc00'
Event: 81.075 Thread 0x00000222446e6890 Unloading class 0x000002220176c000 'java/lang/invoke/LambdaForm$MH+0x000002220176c000'
Event: 81.075 Thread 0x00000222446e6890 Unloading class 0x000002220176b800 'java/lang/invoke/LambdaForm$MH+0x000002220176b800'
Event: 81.075 Thread 0x00000222446e6890 Unloading class 0x000002220176ac00 'java/lang/invoke/LambdaForm$MH+0x000002220176ac00'
Event: 81.075 Thread 0x00000222446e6890 Unloading class 0x000002220176a800 'java/lang/invoke/LambdaForm$MH+0x000002220176a800'
Event: 81.075 Thread 0x00000222446e6890 Unloading class 0x0000022201769c00 'java/lang/invoke/LambdaForm$BMH+0x0000022201769c00'
Event: 81.075 Thread 0x00000222446e6890 Unloading class 0x0000022201769400 'java/lang/invoke/LambdaForm$DMH+0x0000022201769400'
Event: 81.075 Thread 0x00000222446e6890 Unloading class 0x0000022201769000 'java/lang/invoke/LambdaForm$DMH+0x0000022201769000'
Event: 81.075 Thread 0x00000222446e6890 Unloading class 0x0000022201755400 'java/lang/invoke/LambdaForm$DMH+0x0000022201755400'
Event: 81.075 Thread 0x00000222446e6890 Unloading class 0x000002220174ac00 'java/lang/invoke/LambdaForm$MH+0x000002220174ac00'
Event: 81.075 Thread 0x00000222446e6890 Unloading class 0x000002220174a400 'java/lang/invoke/LambdaForm$MH+0x000002220174a400'

Classes redefined (0 events):
No events

Internal exceptions (20 events):
Event: 1249.515 Thread 0x00000222709974b0 Exception <a 'java/lang/NullPointerException'{0x0000000755f09bc8}> (0x0000000755f09bc8) 
thrown [s\src\hotspot\share\runtime\sharedRuntime.cpp, line 625]
Event: 1249.515 Thread 0x00000222709974b0 Implicit null exception at 0x0000022248b19a1f to 0x0000022248b19fe5
Event: 1249.515 Thread 0x00000222709974b0 Exception <a 'java/lang/NullPointerException'{0x0000000755f0dc38}> (0x0000000755f0dc38) 
thrown [s\src\hotspot\share\runtime\sharedRuntime.cpp, line 625]
Event: 1249.515 Thread 0x00000222709974b0 Implicit null exception at 0x0000022248b19a1f to 0x0000022248b19fe5
Event: 1249.515 Thread 0x00000222709974b0 Exception <a 'java/lang/NullPointerException'{0x0000000755f10e78}> (0x0000000755f10e78) 
thrown [s\src\hotspot\share\runtime\sharedRuntime.cpp, line 625]
Event: 1249.515 Thread 0x00000222709974b0 Implicit null exception at 0x0000022248b19a1f to 0x0000022248b19fe5
Event: 1249.515 Thread 0x00000222709974b0 Exception <a 'java/lang/NullPointerException'{0x0000000755f1d020}> (0x0000000755f1d020) 
thrown [s\src\hotspot\share\runtime\sharedRuntime.cpp, line 625]
Event: 1249.515 Thread 0x00000222709974b0 Implicit null exception at 0x0000022248b19a1f to 0x0000022248b19fe5
Event: 1249.515 Thread 0x00000222709974b0 Exception <a 'java/lang/NullPointerException'{0x0000000755f27ef0}> (0x0000000755f27ef0) 
thrown [s\src\hotspot\share\runtime\sharedRuntime.cpp, line 625]
Event: 1249.516 Thread 0x00000222709974b0 Implicit null exception at 0x0000022248b19a1f to 0x0000022248b19fe5
Event: 1249.516 Thread 0x00000222709974b0 Exception <a 'java/lang/NullPointerException'{0x0000000755f33a40}> (0x0000000755f33a40) 
thrown [s\src\hotspot\share\runtime\sharedRuntime.cpp, line 625]
Event: 5538.068 Thread 0x0000022272d83700 Implicit null exception at 0x00000222507fc6c7 to 0x00000222507fe8d4
Event: 5538.068 Thread 0x0000022272d83700 Implicit null exception at 0x00000222507fc6c7 to 0x00000222507fe8d4
Event: 5538.068 Thread 0x0000022272d83700 Implicit null exception at 0x00000222507fc6c7 to 0x00000222507fe8d4
Event: 6560.639 Thread 0x00000222709974b0 Exception <a 'sun/nio/fs/WindowsException'{0x00000007556bc568}> (0x00000007556bc568) 
thrown [s\src\hotspot\share\prims\jni.cpp, line 520]
Event: 6560.845 Thread 0x00000222709974b0 Exception <a 'sun/nio/fs/WindowsException'{0x00000007557ee1b0}> (0x00000007557ee1b0) 
thrown [s\src\hotspot\share\prims\jni.cpp, line 520]
Event: 6713.677 Thread 0x00000222709974b0 Exception <a 'sun/nio/fs/WindowsException'{0x0000000759dd5bb8}> (0x0000000759dd5bb8) 
thrown [s\src\hotspot\share\prims\jni.cpp, line 520]
Event: 6713.820 Thread 0x00000222709974b0 Exception <a 'sun/nio/fs/WindowsException'{0x0000000757701398}> (0x0000000757701398) 
thrown [s\src\hotspot\share\prims\jni.cpp, line 520]
Event: 10840.486 Thread 0x00000222709974b0 Exception <a 'sun/nio/fs/WindowsException'{0x0000000758cd4738}> (0x0000000758cd4738) 
thrown [s\src\hotspot\share\prims\jni.cpp, line 520]
Event: 10840.940 Thread 0x00000222709974b0 Exception <a 'sun/nio/fs/WindowsException'{0x0000000755faa0b0}> (0x0000000755faa0b0) 
thrown [s\src\hotspot\share\prims\jni.cpp, line 520]

ZGC Phase Switch (0 events):
No events

VM Operations (20 events):
Event: 19174.913 Executing non-safepoint VM operation: HandshakeAllThreads (HandshakeForDeflation)
Event: 19174.918 Executing non-safepoint VM operation: HandshakeAllThreads (HandshakeForDeflation) done
Event: 19174.919 Executing non-safepoint VM operation: RendezvousGCThreads
Event: 19174.919 Executing non-safepoint VM operation: RendezvousGCThreads done
Event: 19235.135 Executing non-safepoint VM operation: HandshakeAllThreads (HandshakeForDeflation)
Event: 19235.139 Executing non-safepoint VM operation: HandshakeAllThreads (HandshakeForDeflation) done
Event: 19235.139 Executing non-safepoint VM operation: RendezvousGCThreads
Event: 19235.139 Executing non-safepoint VM operation: RendezvousGCThreads done
Event: 19355.271 Executing non-safepoint VM operation: HandshakeAllThreads (HandshakeForDeflation)
Event: 19355.272 Executing non-safepoint VM operation: HandshakeAllThreads (HandshakeForDeflation) done
Event: 19355.272 Executing non-safepoint VM operation: RendezvousGCThreads
Event: 19355.272 Executing non-safepoint VM operation: RendezvousGCThreads done
Event: 19415.340 Executing non-safepoint VM operation: HandshakeAllThreads (HandshakeForDeflation)
Event: 19415.340 Executing non-safepoint VM operation: HandshakeAllThreads (HandshakeForDeflation) done
Event: 19415.340 Executing non-safepoint VM operation: RendezvousGCThreads
Event: 19415.340 Executing non-safepoint VM operation: RendezvousGCThreads done
Event: 19475.507 Executing non-safepoint VM operation: HandshakeAllThreads (HandshakeForDeflation)
Event: 19475.513 Executing non-safepoint VM operation: HandshakeAllThreads (HandshakeForDeflation) done
Event: 19475.513 Executing non-safepoint VM operation: RendezvousGCThreads
Event: 19475.513 Executing non-safepoint VM operation: RendezvousGCThreads done

Memory protections (0 events):
No events

Nmethod flushes (20 events):
Event: 5532.375 Thread 0x00000222446e6890 flushing  nmethod 0x0000022249e97f90
Event: 5532.375 Thread 0x00000222446e6890 flushing  nmethod 0x0000022249e98f90
Event: 5532.375 Thread 0x00000222446e6890 flushing  nmethod 0x0000022249e99890
Event: 5532.375 Thread 0x00000222446e6890 flushing  nmethod 0x0000022249e9d010
Event: 5532.375 Thread 0x00000222446e6890 flushing  nmethod 0x0000022249ec4110
Event: 5532.375 Thread 0x00000222446e6890 flushing osr nmethod 0x0000022249ed4c10
Event: 5532.375 Thread 0x00000222446e6890 flushing osr nmethod 0x0000022249ed8d90
Event: 5532.375 Thread 0x00000222446e6890 flushing  nmethod 0x0000022249ee0490
Event: 5532.375 Thread 0x00000222446e6890 flushing osr nmethod 0x0000022249ee3410
Event: 5532.375 Thread 0x00000222446e6890 flushing osr nmethod 0x0000022249ee5810
Event: 5532.376 Thread 0x00000222446e6890 flushing  nmethod 0x0000022249ef4410
Event: 5532.376 Thread 0x00000222446e6890 flushing  nmethod 0x0000022249ef5a10
Event: 5532.376 Thread 0x00000222446e6890 flushing  nmethod 0x0000022249f00e90
Event: 5532.377 Thread 0x00000222446e6890 flushing  nmethod 0x0000022249f0af10
Event: 5532.377 Thread 0x00000222446e6890 flushing  nmethod 0x0000022249f0c210
Event: 5532.377 Thread 0x00000222446e6890 flushing  nmethod 0x0000022249f2a910
Event: 5532.377 Thread 0x00000222446e6890 flushing  nmethod 0x0000022249f2ef90
Event: 5532.377 Thread 0x00000222446e6890 flushing  nmethod 0x0000022249f4ec10
Event: 5532.377 Thread 0x00000222446e6890 flushing  nmethod 0x0000022249f56e10
Event: 5532.377 Thread 0x00000222446e6890 flushing  nmethod 0x0000022249f5d210

Events (20 events):
Event: 10841.453 Thread 0x000002227ed19a70 Thread added: 0x000002227ed179a0
Event: 10842.019 Thread 0x000002226a4e5280 Thread added: 0x00000222744be610
Event: 10842.020 Thread 0x000002226a4e5280 Thread added: 0x00000222744bfa80
Event: 10842.469 Thread 0x000002227ed19a70 Thread added: 0x000002227ed186c0
Event: 10842.495 Thread 0x00000222744bfa80 Thread exited: 0x00000222744bfa80
Event: 10842.500 Thread 0x00000222744be610 Thread exited: 0x00000222744be610
Event: 10842.853 Thread 0x00000222442878f0 Thread added: 0x00000222744be610
Event: 10848.265 Thread 0x00000222744be610 Thread exited: 0x00000222744be610
Event: 10902.022 Thread 0x000002227ed15f60 Thread exited: 0x000002227ed15f60
Event: 10902.475 Thread 0x000002227ed16c80 Thread exited: 0x000002227ed16c80
Event: 10902.477 Thread 0x000002227ed186c0 Thread exited: 0x000002227ed186c0
Event: 11140.446 Thread 0x000002227ed19a70 Thread added: 0x000002227ed18d50
Event: 11140.450 Thread 0x000002227ed18d50 Thread exited: 0x000002227ed18d50
Event: 11140.455 Thread 0x000002227ed19a70 Thread added: 0x000002227ed186c0
Event: 11140.457 Thread 0x000002227ed186c0 Thread exited: 0x000002227ed186c0
Event: 11140.593 Thread 0x000002227ed17310 Thread exited: 0x000002227ed17310
Event: 11141.458 Thread 0x000002227ed15240 Thread exited: 0x000002227ed15240
Event: 11141.472 Thread 0x000002227ed13e90 Thread exited: 0x000002227ed13e90
Event: 11141.472 Thread 0x000002227ed179a0 Thread exited: 0x000002227ed179a0
Event: 11141.472 Thread 0x000002227ed14520 Thread exited: 0x000002227ed14520


Dynamic libraries:
0x00007ff7ac850000 - 0x00007ff7ac85e000 	c:\Users\mahes\.vscode\extensions\redhat.java-1.56.0-win32-x64\jre\21.0.12.1-win32-x86_64\bin\java.exe
0x00007ffa92c00000 - 0x00007ffa92e67000 	C:\WINDOWS\SYSTEM32\ntdll.dll
0x00007ffa91970000 - 0x00007ffa91a3b000 	C:\WINDOWS\System32\KERNEL32.DLL
0x00007ffa90510000 - 0x00007ffa90912000 	C:\WINDOWS\System32\KERNELBASE.dll
0x00007ffa90040000 - 0x00007ffa9018c000 	C:\WINDOWS\System32\ucrtbase.dll
0x00007ffa73700000 - 0x00007ffa73718000 	c:\Users\mahes\.vscode\extensions\redhat.java-1.56.0-win32-x64\jre\21.0.12.1-win32-x86_64\bin\jli.dll
0x00007ffa62390000 - 0x00007ffa623ae000 	c:\Users\mahes\.vscode\extensions\redhat.java-1.56.0-win32-x64\jre\21.0.12.1-win32-x86_64\bin\VCRUNTIME140.dll
0x00007ffa90bc0000 - 0x00007ffa90d8f000 	C:\WINDOWS\System32\USER32.dll
0x00007ffa90420000 - 0x00007ffa90447000 	C:\WINDOWS\System32\win32u.dll
0x00007ffa6cd20000 - 0x00007ffa6cfb0000 	C:\WINDOWS\WinSxS\amd64_microsoft.windows.common-controls_6595b64144ccf1df_6.0.26100.9278_none_3e0d1ba8e3303201\COMCTL32.dll
0x00007ffa911a0000 - 0x00007ffa911cb000 	C:\WINDOWS\System32\GDI32.dll
0x00007ffa92b10000 - 0x00007ffa92bb9000 	C:\WINDOWS\System32\msvcrt.dll
0x00007ffa901a0000 - 0x00007ffa902c9000 	C:\WINDOWS\System32\gdi32full.dll
0x00007ffa8fe00000 - 0x00007ffa8fea3000 	C:\WINDOWS\System32\msvcp_win.dll
0x00007ffa92990000 - 0x00007ffa929c1000 	C:\WINDOWS\System32\IMM32.DLL
0x00007ffa62470000 - 0x00007ffa6247c000 	c:\Users\mahes\.vscode\extensions\redhat.java-1.56.0-win32-x64\jre\21.0.12.1-win32-x86_64\bin\vcruntime140_1.dll
0x00007ffa422c0000 - 0x00007ffa4234d000 	c:\Users\mahes\.vscode\extensions\redhat.java-1.56.0-win32-x64\jre\21.0.12.1-win32-x86_64\bin\msvcp140.dll
0x00007ff94d630000 - 0x00007ff94e3d2000 	c:\Users\mahes\.vscode\extensions\redhat.java-1.56.0-win32-x64\jre\21.0.12.1-win32-x86_64\bin\server\jvm.dll
0x00007ffa929d0000 - 0x00007ffa92a8c000 	C:\WINDOWS\System32\ADVAPI32.dll
0x00007ffa918b0000 - 0x00007ffa91959000 	C:\WINDOWS\System32\sechost.dll
0x00007ffa923c0000 - 0x00007ffa924d8000 	C:\WINDOWS\System32\RPCRT4.dll
0x00007ffa92570000 - 0x00007ffa925f0000 	C:\WINDOWS\System32\WS2_32.dll
0x00007ffa8fc80000 - 0x00007ffa8fcde000 	C:\WINDOWS\SYSTEM32\POWRPROF.dll
0x00007ffa89d20000 - 0x00007ffa89d56000 	C:\WINDOWS\SYSTEM32\WINMM.dll
0x00007ffa7c0a0000 - 0x00007ffa7c0ab000 	C:\WINDOWS\SYSTEM32\VERSION.dll
0x00007ffa8fc60000 - 0x00007ffa8fc75000 	C:\WINDOWS\SYSTEM32\UMPDC.dll
0x00007ffa8eab0000 - 0x00007ffa8eacb000 	C:\WINDOWS\SYSTEM32\kernel.appcore.dll
0x00007ffa623e0000 - 0x00007ffa623ea000 	c:\Users\mahes\.vscode\extensions\redhat.java-1.56.0-win32-x64\jre\21.0.12.1-win32-x86_64\bin\jimage.dll
0x00007ffa8d230000 - 0x00007ffa8d47c000 	C:\WINDOWS\SYSTEM32\DBGHELP.DLL
0x00007ffa92600000 - 0x00007ffa92985000 	C:\WINDOWS\System32\combase.dll
0x00007ffa911e0000 - 0x00007ffa912b9000 	C:\WINDOWS\System32\OLEAUT32.dll
0x00007ffa614c0000 - 0x00007ffa614fb000 	C:\WINDOWS\SYSTEM32\dbgcore.DLL
0x00007ffa90360000 - 0x00007ffa9040c000 	C:\WINDOWS\System32\bcryptPrimitives.dll
0x00007ffa62380000 - 0x00007ffa6238f000 	c:\Users\mahes\.vscode\extensions\redhat.java-1.56.0-win32-x64\jre\21.0.12.1-win32-x86_64\bin\instrument.dll
0x00007ffa4be50000 - 0x00007ffa4be70000 	c:\Users\mahes\.vscode\extensions\redhat.java-1.56.0-win32-x64\jre\21.0.12.1-win32-x86_64\bin\java.dll
0x00007ffa91b00000 - 0x00007ffa92298000 	C:\WINDOWS\System32\SHELL32.dll
0x00007ffa8d820000 - 0x00007ffa8e0ce000 	C:\WINDOWS\SYSTEM32\windows.storage.dll
0x00007ffa910a0000 - 0x00007ffa9119b000 	C:\WINDOWS\System32\SHCORE.dll
0x00007ffa92aa0000 - 0x00007ffa92b06000 	C:\WINDOWS\System32\shlwapi.dll
0x00007ffa8fd20000 - 0x00007ffa8fd49000 	C:\WINDOWS\SYSTEM32\profapi.dll
0x00007ffa4be30000 - 0x00007ffa4be48000 	c:\Users\mahes\.vscode\extensions\redhat.java-1.56.0-win32-x64\jre\21.0.12.1-win32-x86_64\bin\zip.dll
0x00007ffa62370000 - 0x00007ffa62380000 	C:\Users\mahes\.vscode\extensions\redhat.java-1.56.0-win32-x64\jre\21.0.12.1-win32-x86_64\bin\net.dll
0x00007ffa88fb0000 - 0x00007ffa890da000 	C:\WINDOWS\SYSTEM32\WINHTTP.dll
0x00007ffa8f090000 - 0x00007ffa8f0fc000 	C:\WINDOWS\system32\mswsock.dll
0x00007ffa4bd90000 - 0x00007ffa4bda6000 	C:\Users\mahes\.vscode\extensions\redhat.java-1.56.0-win32-x64\jre\21.0.12.1-win32-x86_64\bin\nio.dll
0x00007ffa547c0000 - 0x00007ffa547d0000 	c:\Users\mahes\.vscode\extensions\redhat.java-1.56.0-win32-x64\jre\21.0.12.1-win32-x86_64\bin\verify.dll
0x00007ffa3e2f0000 - 0x00007ffa3e335000 	C:\Users\mahes\AppData\Roaming\Code\User\globalStorage\redhat.java\1.56.0\config_win\org.eclipse.equinox.launcher\org.eclipse.equinox.launcher.win32.win32.x86_64_1.3.100.v20260804-1928\eclipse_11924.dll
0x00007ffa90da0000 - 0x00007ffa90f3a000 	C:\WINDOWS\System32\ole32.dll
0x00007ffa8f380000 - 0x00007ffa8f39b000 	C:\WINDOWS\SYSTEM32\CRYPTSP.dll
0x00007ffa8ea10000 - 0x00007ffa8ea49000 	C:\WINDOWS\system32\rsaenh.dll
0x00007ffa8f140000 - 0x00007ffa8f174000 	C:\WINDOWS\SYSTEM32\USERENV.dll
0x00007ffa8fcf0000 - 0x00007ffa8fd1a000 	C:\WINDOWS\SYSTEM32\bcrypt.dll
0x00007ffa8f3a0000 - 0x00007ffa8f3ac000 	C:\WINDOWS\SYSTEM32\CRYPTBASE.dll
0x00007ffa8e450000 - 0x00007ffa8e483000 	C:\WINDOWS\SYSTEM32\IPHLPAPI.DLL
0x00007ffa91aa0000 - 0x00007ffa91aaa000 	C:\WINDOWS\System32\NSI.dll
0x00007ffa3dc10000 - 0x00007ffa3dc59000 	C:\Users\mahes\AppData\Local\Temp\jna-103656706\jna3081072558816014268.dll
0x00007ffa911d0000 - 0x00007ffa911d8000 	C:\WINDOWS\System32\PSAPI.DLL
0x00007ffa89830000 - 0x00007ffa8984d000 	C:\WINDOWS\SYSTEM32\dhcpcsvc6.DLL
0x00007ffa897a0000 - 0x00007ffa897c5000 	C:\WINDOWS\SYSTEM32\dhcpcsvc.DLL
0x00007ffa4bd80000 - 0x00007ffa4bd8e000 	C:\Users\mahes\.vscode\extensions\redhat.java-1.56.0-win32-x64\jre\21.0.12.1-win32-x86_64\bin\sunmscapi.dll
0x00007ffa8feb0000 - 0x00007ffa9002e000 	C:\WINDOWS\System32\CRYPT32.dll
0x00007ffa8f5c0000 - 0x00007ffa8f5f0000 	C:\WINDOWS\SYSTEM32\ncrypt.dll
0x00007ffa8f570000 - 0x00007ffa8f5af000 	C:\WINDOWS\SYSTEM32\NTASN1.dll
0x00007ffa8e4e0000 - 0x00007ffa8e638000 	C:\WINDOWS\SYSTEM32\DNSAPI.dll
0x00007ffa8ee90000 - 0x00007ffa8ee9d000 	C:\WINDOWS\SYSTEM32\DSPARSE.dll
0x00007ffa87ea0000 - 0x00007ffa87eab000 	C:\Windows\System32\rasadhlp.dll
0x00007ffa89b00000 - 0x00007ffa89b86000 	C:\WINDOWS\System32\fwpuclnt.dll
0x00007ffa4b370000 - 0x00007ffa4b379000 	C:\Users\mahes\.vscode\extensions\redhat.java-1.56.0-win32-x64\jre\21.0.12.1-win32-x86_64\bin\extnet.dll

JVMTI agents:
c:\Users\mahes\.vscode\extensions\redhat.java-1.56.0-win32-x64\lombok\lombok-1.18.39-4050.jar path:c:\Users\mahes\.vscode\extensions\redhat.java-1.56.0-win32-x64\jre\21.0.12.1-win32-x86_64\bin\instrument.dll, loaded, initialized, instrumentlib options:none

dbghelp: loaded successfully - version: 4.0.5 - missing functions: none
symbol engine: initialized successfully - sym options: 0x614 - pdb path: .;c:\Users\mahes\.vscode\extensions\redhat.java-1.56.0-win32-x64\jre\21.0.12.1-win32-x86_64\bin;C:\WINDOWS\SYSTEM32;C:\WINDOWS\WinSxS\amd64_microsoft.windows.common-controls_6595b64144ccf1df_6.0.26100.9278_none_3e0d1ba8e3303201;c:\Users\mahes\.vscode\extensions\redhat.java-1.56.0-win32-x64\jre\21.0.12.1-win32-x86_64\bin\server;C:\Users\mahes\AppData\Roaming\Code\User\globalStorage\redhat.java\1.56.0\config_win\org.eclipse.equinox.launcher\org.eclipse.equinox.launcher.win32.win32.x86_64_1.3.100.v20260804-1928;C:\Users\mahes\AppData\Local\Temp\jna-103656706

VM Arguments:
jvm_args: --add-modules=ALL-SYSTEM --add-opens=java.base/java.util=ALL-UNNAMED --add-opens=java.base/java.lang=ALL-UNNAMED --add-opens=java.base/sun.nio.fs=ALL-UNNAMED -Declipse.application=org.eclipse.jdt.ls.core.id1 -Dosgi.bundles.defaultStartLevel=4 -Declipse.product=org.eclipse.jdt.ls.core.product -Djava.import.generatesMetadataFilesAtProjectRoot=false -Dm2e.project.cache.size=50 -DDetectVMInstallationsJob.disabled=true -Dfile.encoding=utf8 -XX:+UseParallelGC -XX:GCTimeRatio=4 -XX:AdaptiveSizePolicyWeight=90 -Dsun.zip.disableMemoryMapping=true -Xmx8G -Xms100m -Xlog:disable -javaagent:c:\Users\mahes\.vscode\extensions\redhat.java-1.56.0-win32-x64\lombok\lombok-1.18.39-4050.jar -XX:+HeapDumpOnOutOfMemoryError -XX:HeapDumpPath=c:\Users\mahes\AppData\Roaming\Code\User\workspaceStorage\605bd8893ffb09657cd3a8513b094bb5\redhat.java -Daether.dependencyCollector.impl=bf 
java_command: c:\Users\mahes\.vscode\extensions\redhat.java-1.56.0-win32-x64\server\plugins\org.eclipse.equinox.launcher_1.8.0.v20260804-1928.jar -configuration c:\Users\mahes\AppData\Roaming\Code\User\globalStorage\redhat.java\1.56.0\config_win -data c:\Users\mahes\AppData\Roaming\Code\User\workspaceStorage\605bd8893ffb09657cd3a8513b094bb5\redhat.java\jdt_ws --pipe=\\.\pipe\lsp-2011204048129fed40cb34bee7b6c344-sock
java_class_path (initial): c:\Users\mahes\.vscode\extensions\redhat.java-1.56.0-win32-x64\server\plugins\org.eclipse.equinox.launcher_1.8.0.v20260804-1928.jar
Launcher Type: SUN_STANDARD

[Global flags]
    uintx AdaptiveSizePolicyWeight                 = 90                                        {product} {command line}
     intx CICompilerCount                          = 12                                        {product} {ergonomic}
    uintx GCTimeRatio                              = 4                                         {product} {command line}
     bool HeapDumpOnOutOfMemoryError               = true                                   {manageable} {command line}
    ccstr HeapDumpPath                             = c:\Users\mahes\AppData\Roaming\Code\User\workspaceStorage\605bd8893ffb09657cd3a8513b094bb5\redhat.java         {manageable} {command line}
   size_t InitialHeapSize                          = 104857600                                 {product} {command line}
   size_t MaxHeapSize                              = 8589934592                                {product} {command line}
   size_t MaxNewSize                               = 2863136768                                {product} {ergonomic}
   size_t MinHeapDeltaBytes                        = 524288                                    {product} {ergonomic}
   size_t MinHeapSize                              = 104857600                                 {product} {command line}
   size_t NewSize                                  = 34603008                                  {product} {ergonomic}
    uintx NonNMethodCodeHeapSize                   = 7602480                                {pd product} {ergonomic}
    uintx NonProfiledCodeHeapSize                  = 122027880                              {pd product} {ergonomic}
   size_t OldSize                                  = 70254592                                  {product} {ergonomic}
    uintx ProfiledCodeHeapSize                     = 122027880                              {pd product} {ergonomic}
    uintx ReservedCodeCacheSize                    = 251658240                              {pd product} {ergonomic}
     bool SegmentedCodeCache                       = true                                      {product} {ergonomic}
   size_t SoftMaxHeapSize                          = 8589934592                             {manageable} {ergonomic}
     bool UseCompressedOops                        = true                           {product lp64_product} {ergonomic}
     bool UseLargePagesIndividualAllocation        = false                                  {pd product} {ergonomic}
     bool UseParallelGC                            = true                                      {product} {command line}

Logging:
Log output configuration:
 #0: stdout all=off uptime,level,tags foldmultilines=false
 #1: stderr all=off uptime,level,tags foldmultilines=false

Release file:
JAVA_VERSION="21.0.12.1" 
MODULES="java.base java.compiler java.datatransfer java.xml java.prefs java.desktop java.instrument java.logging java.management java.security.sasl java.naming java.rmi java.management.rmi java.net.http java.scripting java.security.jgss java.transaction.xa java.sql java.sql.rowset java.xml.crypto java.se java.smartcardio jdk.accessibility jdk.internal.jvmstat jdk.attach jdk.charsets jdk.internal.opt jdk.zipfs jdk.compiler jdk.crypto.ec jdk.crypto.cryptoki jdk.crypto.mscapi jdk.dynalink jdk.internal.ed jdk.editpad jdk.hotspot.agent jdk.httpserver jdk.internal.le jdk.internal.vm.ci jdk.internal.vm.compiler jdk.internal.vm.compiler.management jdk.jartool jdk.javadoc jdk.jcmd jdk.management jdk.management.agent jdk.jconsole jdk.jdeps jdk.jdwp.agent jdk.jdi jdk.jfr jdk.jshell jdk.jsobject jdk.jstatd jdk.localedata jdk.management.jfr jdk.naming.dns jdk.naming.rmi jdk.net jdk.nio.mapmode jdk.random jdk.sctp jdk.security.auth jdk.security.jgss jdk.unsupported jdk.unsupported.desktop jdk.xml.dom" 

Environment Variables:
JAVA_HOME=C:\Program Files\Java\jdk-22
PATH=C:\Program Files\Common Files\Oracle\Java\javapath;C:\Program Files (x86)\Common Files\Oracle\Java\javapath;C:\Python312\Scripts\;C:\Python312\;C:\Program Files\Microsoft\jdk-11.0.20.8-hotspot\bin;C:\WINDOWS\system32;C:\WINDOWS;C:\WINDOWS\System32\Wbem;C:\WINDOWS\System32\WindowsPowerShell\v1.0\;C:\WINDOWS\System32\OpenSSH\;C:\Program Files\dotnet\;C:\Program Files\nodejs\;C:\ProgramData\chocolatey\bin;C:\Program Files\Git\cmd;C:\Program Files\Java\jdk-22\bin;C:\Program Files (x86)\Microsoft SQL Server\170\Tools\Binn\;C:\Program Files\Microsoft SQL Server\170\Tools\Binn\;C:\Program Files\Microsoft SQL Server\Client SDK\ODBC\180\Tools\Binn\;C:\Program Files\Microsoft SQL Server\170\DTS\Binn\;C:\Program Files\Java\jdk-22\bin;C:\Users\mahes\AppData\Local\Programs\Microsoft VS Code\bin;C:\Users\mahes\AppData\Roaming\npm;
USERNAME=mahes
OS=Windows_NT
PROCESSOR_IDENTIFIER=Intel64 Family 6 Model 186 Stepping 2, GenuineIntel
TMP=C:\Users\mahes\AppData\Local\Temp
TEMP=C:\Users\mahes\AppData\Local\Temp




Periodic native trim disabled

---------------  S Y S T E M  ---------------

OS:
 Windows 11 , 64 bit Build 26100 (10.0.26100.9444)
OS uptime: 1 days 6:15 hours
Hyper-V role detected

CPU: total 16 (initial active 16) (8 cores per cpu, 2 threads per core) family 6 model 186 stepping 2 microcode 0x6134, cx8, cmov, fxsr, ht, mmx, 3dnowpref, sse, sse2, sse3, ssse3, sse4.1, sse4.2, popcnt, lzcnt, tsc, tscinvbit, avx, avx2, aes, erms, clmul, bmi1, bmi2, adx, sha, fma, vzeroupper, clflush, clflushopt, clwb, hv, serialize, rdtscp, rdpid, fsrm, f16c, cet_ibt, cet_ss
Processor Information for processor 0
  Max Mhz: 1900, Current Mhz: 1900, Mhz Limit: 1900
Processor Information for processor 1
  Max Mhz: 1900, Current Mhz: 1900, Mhz Limit: 1900
Processor Information for processor 2
  Max Mhz: 1900, Current Mhz: 1900, Mhz Limit: 1900
Processor Information for processor 3
  Max Mhz: 1900, Current Mhz: 1900, Mhz Limit: 1900
Processor Information for processor 4
  Max Mhz: 1900, Current Mhz: 1900, Mhz Limit: 1900
Processor Information for processor 5
  Max Mhz: 1900, Current Mhz: 1504, Mhz Limit: 1900
Processor Information for processor 6
  Max Mhz: 1900, Current Mhz: 1900, Mhz Limit: 1900
Processor Information for processor 7
  Max Mhz: 1900, Current Mhz: 1900, Mhz Limit: 1900
Processor Information for processor 8
  Max Mhz: 1900, Current Mhz: 1900, Mhz Limit: 1900
Processor Information for processor 9
  Max Mhz: 1900, Current Mhz: 1900, Mhz Limit: 1900
Processor Information for processor 10
  Max Mhz: 1900, Current Mhz: 1492, Mhz Limit: 1900
Processor Information for processor 11
  Max Mhz: 1900, Current Mhz: 1900, Mhz Limit: 1900
Processor Information for processor 12
  Max Mhz: 1900, Current Mhz: 1900, Mhz Limit: 1900
Processor Information for processor 13
  Max Mhz: 1900, Current Mhz: 1900, Mhz Limit: 1900
Processor Information for processor 14
  Max Mhz: 1900, Current Mhz: 1492, Mhz Limit: 1900
Processor Information for processor 15
  Max Mhz: 1900, Current Mhz: 1900, Mhz Limit: 1900

Memory: 4k page, system-wide physical 16068M (1018M free)
TotalPageFile size 55543M (AvailPageFile size 7M)
current process WorkingSet (physical memory assigned to process): 8M, peak: 1182M
current process commit charge ("private bytes"): 2115M, peak: 2144M

vm_info: OpenJDK 64-Bit Server VM (21.0.12.1+1-LTS) for windows-amd64 JRE (21.0.12.1+1-LTS), built on 2026-08-18T00:00:00Z by "admin" with MS VC++ 17.12 (VS2022)

END.
